Component: ARM Compiler 5.05 update 2 (build 169) Tool: armlink [4d0f33]

==============================================================================

Section Cross References

    startup_stm32f10x_hd.o(RESET) refers to startup_stm32f10x_hd.o(STACK) for __initial_sp
    startup_stm32f10x_hd.o(RESET) refers to startup_stm32f10x_hd.o(.text) for Reset_Handler
    startup_stm32f10x_hd.o(RESET) refers to stm32f10x_it.o(i.NMI_Handler) for NMI_Handler
    startup_stm32f10x_hd.o(RESET) refers to stm32f10x_it.o(i.HardFault_Handler) for HardFault_Handler
    startup_stm32f10x_hd.o(RESET) refers to stm32f10x_it.o(i.MemManage_Handler) for MemManage_Handler
    startup_stm32f10x_hd.o(RESET) refers to stm32f10x_it.o(i.BusFault_Handler) for BusFault_Handler
    startup_stm32f10x_hd.o(RESET) refers to stm32f10x_it.o(i.UsageFault_Handler) for UsageFault_Handler
    startup_stm32f10x_hd.o(RESET) refers to stm32f10x_it.o(i.SVC_Handler) for SVC_Handler
    startup_stm32f10x_hd.o(RESET) refers to stm32f10x_it.o(i.DebugMon_Handler) for DebugMon_Handler
    startup_stm32f10x_hd.o(RESET) refers to stm32f10x_it.o(i.PendSV_Handler) for PendSV_Handler
    startup_stm32f10x_hd.o(RESET) refers to stm32f10x_it.o(i.SysTick_Handler) for SysTick_Handler
    startup_stm32f10x_hd.o(RESET) refers to stm32f10x_it.o(i.EXTI3_IRQHandler) for EXTI3_IRQHandler
    startup_stm32f10x_hd.o(RESET) refers to bsp_usart.o(i.USART1_IRQHandler) for USART1_IRQHandler
    startup_stm32f10x_hd.o(.text) refers to system_stm32f10x.o(i.SystemInit) for SystemInit
    startup_stm32f10x_hd.o(.text) refers to entry.o(.ARM.Collect$$$$00000000) for __main
    system_stm32f10x.o(i.SetSysClock) refers to system_stm32f10x.o(i.SetSysClockTo72) for SetSysClockTo72
    system_stm32f10x.o(i.SystemCoreClockUpdate) refers to system_stm32f10x.o(.data) for SystemCoreClock
    system_stm32f10x.o(i.SystemInit) refers to system_stm32f10x.o(i.SetSysClock) for SetSysClock
    stm32f10x_adc.o(i.ADC_DeInit) refers to stm32f10x_rcc.o(i.RCC_APB2PeriphResetCmd) for RCC_APB2PeriphResetCmd
    stm32f10x_bkp.o(i.BKP_DeInit) refers to stm32f10x_rcc.o(i.RCC_BackupResetCmd) for RCC_BackupResetCmd
    stm32f10x_can.o(i.CAN_DeInit) refers to stm32f10x_rcc.o(i.RCC_APB1PeriphResetCmd) for RCC_APB1PeriphResetCmd
    stm32f10x_can.o(i.CAN_GetITStatus) refers to stm32f10x_can.o(i.CheckITStatus) for CheckITStatus
    stm32f10x_cec.o(i.CEC_DeInit) refers to stm32f10x_rcc.o(i.RCC_APB1PeriphResetCmd) for RCC_APB1PeriphResetCmd
    stm32f10x_dac.o(i.DAC_DeInit) refers to stm32f10x_rcc.o(i.RCC_APB1PeriphResetCmd) for RCC_APB1PeriphResetCmd
    stm32f10x_flash.o(i.FLASH_EnableWriteProtection) refers to stm32f10x_flash.o(i.FLASH_WaitForLastOperation) for FLASH_WaitForLastOperation
    stm32f10x_flash.o(i.FLASH_EraseAllBank1Pages) refers to stm32f10x_flash.o(i.FLASH_WaitForLastBank1Operation) for FLASH_WaitForLastBank1Operation
    stm32f10x_flash.o(i.FLASH_EraseAllPages) refers to stm32f10x_flash.o(i.FLASH_WaitForLastOperation) for FLASH_WaitForLastOperation
    stm32f10x_flash.o(i.FLASH_EraseOptionBytes) refers to stm32f10x_flash.o(i.FLASH_GetReadOutProtectionStatus) for FLASH_GetReadOutProtectionStatus
    stm32f10x_flash.o(i.FLASH_EraseOptionBytes) refers to stm32f10x_flash.o(i.FLASH_WaitForLastOperation) for FLASH_WaitForLastOperation
    stm32f10x_flash.o(i.FLASH_ErasePage) refers to stm32f10x_flash.o(i.FLASH_WaitForLastOperation) for FLASH_WaitForLastOperation
    stm32f10x_flash.o(i.FLASH_ProgramHalfWord) refers to stm32f10x_flash.o(i.FLASH_WaitForLastOperation) for FLASH_WaitForLastOperation
    stm32f10x_flash.o(i.FLASH_ProgramOptionByteData) refers to stm32f10x_flash.o(i.FLASH_WaitForLastOperation) for FLASH_WaitForLastOperation
    stm32f10x_flash.o(i.FLASH_ProgramWord) refers to stm32f10x_flash.o(i.FLASH_WaitForLastOperation) for FLASH_WaitForLastOperation
    stm32f10x_flash.o(i.FLASH_ReadOutProtection) refers to stm32f10x_flash.o(i.FLASH_WaitForLastOperation) for FLASH_WaitForLastOperation
    stm32f10x_flash.o(i.FLASH_UserOptionByteConfig) refers to stm32f10x_flash.o(i.FLASH_WaitForLastOperation) for FLASH_WaitForLastOperation
    stm32f10x_flash.o(i.FLASH_WaitForLastBank1Operation) refers to stm32f10x_flash.o(i.FLASH_GetBank1Status) for FLASH_GetBank1Status
    stm32f10x_flash.o(i.FLASH_WaitForLastOperation) refers to stm32f10x_flash.o(i.FLASH_GetBank1Status) for FLASH_GetBank1Status
    stm32f10x_gpio.o(i.GPIO_AFIODeInit) refers to stm32f10x_rcc.o(i.RCC_APB2PeriphResetCmd) for RCC_APB2PeriphResetCmd
    stm32f10x_gpio.o(i.GPIO_DeInit) refers to stm32f10x_rcc.o(i.RCC_APB2PeriphResetCmd) for RCC_APB2PeriphResetCmd
    stm32f10x_i2c.o(i.I2C_DeInit) refers to stm32f10x_rcc.o(i.RCC_APB1PeriphResetCmd) for RCC_APB1PeriphResetCmd
    stm32f10x_i2c.o(i.I2C_Init) refers to stm32f10x_rcc.o(i.RCC_GetClocksFreq) for RCC_GetClocksFreq
    stm32f10x_pwr.o(i.PWR_DeInit) refers to stm32f10x_rcc.o(i.RCC_APB1PeriphResetCmd) for RCC_APB1PeriphResetCmd
[...]
    Removing stm32f10x_i2c.o(i.I2C_GetITStatus), (38 bytes).
    Removing stm32f10x_i2c.o(i.I2C_GetLastEvent), (26 bytes).
    Removing stm32f10x_i2c.o(i.I2C_GetPEC), (8 bytes).
    Removing stm32f10x_i2c.o(i.I2C_ITConfig), (18 bytes).
    Removing stm32f10x_i2c.o(i.I2C_Init), (236 bytes).
    Removing stm32f10x_i2c.o(i.I2C_NACKPositionConfig), (28 bytes).
    Removing stm32f10x_i2c.o(i.I2C_OwnAddress2Config), (22 bytes).
    Removing stm32f10x_i2c.o(i.I2C_PECPositionConfig), (28 bytes).
    Removing stm32f10x_i2c.o(i.I2C_ReadRegister), (22 bytes).
    Removing stm32f10x_i2c.o(i.I2C_ReceiveData), (8 bytes).
    Removing stm32f10x_i2c.o(i.I2C_SMBusAlertConfig), (28 bytes).
    Removing stm32f10x_i2c.o(i.I2C_Send7bitAddress), (18 bytes).
    Removing stm32f10x_i2c.o(i.I2C_SendData), (4 bytes).
    Removing stm32f10x_i2c.o(i.I2C_SoftwareResetCmd), (22 bytes).
    Removing stm32f10x_i2c.o(i.I2C_StretchClockCmd), (24 bytes).
    Removing stm32f10x_i2c.o(i.I2C_StructInit), (30 bytes).
    Removing stm32f10x_i2c.o(i.I2C_TransmitPEC), (24 bytes).
    Removing stm32f10x_iwdg.o(i.IWDG_Enable), (16 bytes).
    Removing stm32f10x_iwdg.o(i.IWDG_GetFlagStatus), (24 bytes).
    Removing stm32f10x_iwdg.o(i.IWDG_ReloadCounter), (16 bytes).
    Removing stm32f10x_iwdg.o(i.IWDG_SetPrescaler), (12 bytes).
    Removing stm32f10x_iwdg.o(i.IWDG_SetReload), (12 bytes).
    Removing stm32f10x_iwdg.o(i.IWDG_WriteAccessCmd), (12 bytes).
    Removing stm32f10x_pwr.o(i.PWR_BackupAccessCmd), (12 bytes).
    Removing stm32f10x_pwr.o(i.PWR_ClearFlag), (20 bytes).
    Removing stm32f10x_pwr.o(i.PWR_DeInit), (22 bytes).
    Removing stm32f10x_pwr.o(i.PWR_EnterSTANDBYMode), (52 bytes).
    Removing stm32f10x_pwr.o(i.PWR_EnterSTOPMode), (64 bytes).
    Removing stm32f10x_pwr.o(i.PWR_GetFlagStatus), (24 bytes).
    Removing stm32f10x_pwr.o(i.PWR_PVDCmd), (12 bytes).
    Removing stm32f10x_pwr.o(i.PWR_PVDLevelConfig), (24 bytes).
    Removing stm32f10x_pwr.o(i.PWR_WakeUpPinCmd), (12 bytes).
    Removing stm32f10x_rcc.o(i.RCC_APB1PeriphResetCmd), (32 bytes).
    Removing stm32f10x_rcc.o(i.RCC_APB2PeriphResetCmd), (32 bytes).
    Removing stm32f10x_rcc.o(i.RCC_AdjustHSICalibrationValue), (24 bytes).
    Removing stm32f10x_rcc.o(i.RCC_BackupResetCmd), (12 bytes).
    Removing stm32f10x_rcc.o(i.RCC_ClearFlag), (20 bytes).
    Removing stm32f10x_rcc.o(i.RCC_ClearITPendingBit), (12 bytes).
    Removing stm32f10x_rcc.o(i.RCC_ClockSecuritySystemCmd), (12 bytes).
    Removing stm32f10x_rcc.o(i.RCC_DeInit), (76 bytes).
    Removing stm32f10x_rcc.o(i.RCC_GetFlagStatus), (60 bytes).
    Removing stm32f10x_rcc.o(i.RCC_GetITStatus), (24 bytes).
    Removing stm32f10x_rcc.o(i.RCC_GetSYSCLKSource), (16 bytes).
    Removing stm32f10x_rcc.o(i.RCC_HCLKConfig), (24 bytes).
    Removing stm32f10x_rcc.o(i.RCC_HSEConfig), (76 bytes).
    Removing stm32f10x_rcc.o(i.RCC_HSICmd), (12 bytes).
    Removing stm32f10x_rcc.o(i.RCC_ITConfig), (32 bytes).
    Removing stm32f10x_rcc.o(i.RCC_LSEConfig), (52 bytes).
    Removing stm32f10x_rcc.o(i.RCC_LSICmd), (12 bytes).
    Removing stm32f10x_rcc.o(i.RCC_MCOConfig), (12 bytes).
    Removing stm32f10x_rcc.o(i.RCC_PCLK1Config), (24 bytes).
    Removing stm32f10x_rcc.o(i.RCC_PCLK2Config), (24 bytes).
    Removing stm32f10x_rcc.o(i.RCC_PLLCmd), (12 bytes).
    Removing stm32f10x_rcc.o(i.RCC_PLLConfig), (28 bytes).
    Removing stm32f10x_rcc.o(i.RCC_RTCCLKCmd), (12 bytes).
    Removing stm32f10x_rcc.o(i.RCC_RTCCLKConfig), (16 bytes).
    Removing stm32f10x_rcc.o(i.RCC_SYSCLKConfig), (24 bytes).
    Removing stm32f10x_rcc.o(i.RCC_USBCLKConfig), (12 bytes).
    Removing stm32f10x_rcc.o(i.RCC_WaitForHSEStartUp), (56 bytes).
    Removing stm32f10x_rtc.o(i.RTC_ClearFlag), (16 bytes).
    Removing stm32f10x_rtc.o(i.RTC_ClearITPendingBit), (16 bytes).
    Removing stm32f10x_rtc.o(i.RTC_EnterConfigMode), (20 bytes).
    Removing stm32f10x_rtc.o(i.RTC_ExitConfigMode), (20 bytes).
    Removing stm32f10x_rtc.o(i.RTC_GetCounter), (20 bytes).
    Removing stm32f10x_rtc.o(i.RTC_GetDivider), (24 bytes).
    Removing stm32f10x_rtc.o(i.RTC_GetFlagStatus), (24 bytes).
    Removing stm32f10x_rtc.o(i.RTC_GetITStatus), (36 bytes).
    Removing stm32f10x_rtc.o(i.RTC_ITConfig), (32 bytes).
    Removing stm32f10x_rtc.o(i.RTC_SetAlarm), (28 bytes).
    Removing stm32f10x_rtc.o(i.RTC_SetCounter), (28 bytes).
    Removing stm32f10x_rtc.o(i.RTC_SetPrescaler), (32 bytes).
    Removing stm32f10x_rtc.o(i.RTC_WaitForLastTask), (20 bytes).
    Removing stm32f10x_rtc.o(i.RTC_WaitForSynchro), (36 bytes).
    Removing stm32f10x_sdio.o(i.SDIO_CEATAITCmd), (16 bytes).
    Removing stm32f10x_sdio.o(i.SDIO_ClearFlag), (12 bytes).
    Removing stm32f10x_sdio.o(i.SDIO_ClearITPendingBit), (12 bytes).
    Removing stm32f10x_sdio.o(i.SDIO_ClockCmd), (12 bytes).
    Removing stm32f10x_sdio.o(i.SDIO_CmdStructInit), (14 bytes).
    Removing stm32f10x_sdio.o(i.SDIO_CommandCompletionCmd), (12 bytes).
    Removing stm32f10x_sdio.o(i.SDIO_DMACmd), (12 bytes).
    Removing stm32f10x_sdio.o(i.SDIO_DataConfig), (48 bytes).
    Removing stm32f10x_sdio.o(i.SDIO_DataStructInit), (20 bytes).
    Removing stm32f10x_sdio.o(i.SDIO_DeInit), (36 bytes).
    Removing stm32f10x_sdio.o(i.SDIO_GetCommandResponse), (12 bytes).
    Removing stm32f10x_sdio.o(i.SDIO_GetDataCounter), (12 bytes).
    Removing stm32f10x_sdio.o(i.SDIO_GetFIFOCount), (12 bytes).
    Removing stm32f10x_sdio.o(i.SDIO_GetFlagStatus), (24 bytes).
    Removing stm32f10x_sdio.o(i.SDIO_GetITStatus), (24 bytes).
    Removing stm32f10x_sdio.o(i.SDIO_GetPowerState), (16 bytes).
    Removing stm32f10x_sdio.o(i.SDIO_GetResponse), (24 bytes).
    Removing stm32f10x_sdio.o(i.SDIO_ITConfig), (32 bytes).
    Removing stm32f10x_sdio.o(i.SDIO_Init), (48 bytes).
    Removing stm32f10x_sdio.o(i.SDIO_ReadData), (12 bytes).
    Removing stm32f10x_sdio.o(i.SDIO_SendCEATACmd), (12 bytes).
    Removing stm32f10x_sdio.o(i.SDIO_SendCommand), (44 bytes).
    Removing stm32f10x_sdio.o(i.SDIO_SendSDIOSuspendCmd), (12 bytes).
    Removing stm32f10x_sdio.o(i.SDIO_SetPowerState), (28 bytes).
    Removing stm32f10x_sdio.o(i.SDIO_SetSDIOOperation), (12 bytes).
    Removing stm32f10x_sdio.o(i.SDIO_SetSDIOReadWaitMode), (12 bytes).
    Removing stm32f10x_sdio.o(i.SDIO_StartSDIOReadWait), (12 bytes).
    Removing stm32f10x_sdio.o(i.SDIO_StopSDIOReadWait), (12 bytes).
    Removing stm32f10x_sdio.o(i.SDIO_StructInit), (16 bytes).
    Removing stm32f10x_sdio.o(i.SDIO_WriteData), (12 bytes).
    Removing stm32f10x_spi.o(i.I2S_Cmd), (24 bytes).
    Removing stm32f10x_spi.o(i.I2S_Init), (232 bytes).
    Removing stm32f10x_spi.o(i.I2S_StructInit), (20 bytes).
    Removing stm32f10x_spi.o(i.SPI_BiDirectionalLineConfig), (28 bytes).
    Removing stm32f10x_spi.o(i.SPI_CalculateCRC), (24 bytes).
    Removing stm32f10x_spi.o(i.SPI_Cmd), (24 bytes).
    Removing stm32f10x_spi.o(i.SPI_DataSizeConfig), (18 bytes).
    Removing stm32f10x_spi.o(i.SPI_GetCRC), (16 bytes).
    Removing stm32f10x_spi.o(i.SPI_GetCRCPolynomial), (6 bytes).
    Removing stm32f10x_spi.o(i.SPI_I2S_ClearFlag), (6 bytes).
    Removing stm32f10x_spi.o(i.SPI_I2S_ClearITPendingBit), (20 bytes).
    Removing stm32f10x_spi.o(i.SPI_I2S_DMACmd), (18 bytes).
    Removing stm32f10x_spi.o(i.SPI_I2S_DeInit), (88 bytes).
    Removing stm32f10x_spi.o(i.SPI_I2S_GetFlagStatus), (18 bytes).
    Removing stm32f10x_spi.o(i.SPI_I2S_GetITStatus), (52 bytes).
    Removing stm32f10x_spi.o(i.SPI_I2S_ITConfig), (32 bytes).
    Removing stm32f10x_spi.o(i.SPI_I2S_ReceiveData), (6 bytes).
    Removing stm32f10x_spi.o(i.SPI_I2S_SendData), (4 bytes).
    Removing stm32f10x_spi.o(i.SPI_Init), (60 bytes).
    Removing stm32f10x_spi.o(i.SPI_NSSInternalSoftwareConfig), (30 bytes).
    Removing stm32f10x_spi.o(i.SPI_SSOutputCmd), (24 bytes).
    Removing stm32f10x_spi.o(i.SPI_StructInit), (24 bytes).
    Removing stm32f10x_spi.o(i.SPI_TransmitCRC), (10 bytes).
    Removing stm32f10x_tim.o(i.TI1_Config), (128 bytes).
    Removing stm32f10x_tim.o(i.TI2_Config), (152 bytes).
    Removing stm32f10x_tim.o(i.TI3_Config), (144 bytes).
    Removing stm32f10x_tim.o(i.TI4_Config), (152 bytes).
    Removing stm32f10x_tim.o(i.TIM_ARRPreloadConfig), (24 bytes).
    Removing stm32f10x_tim.o(i.TIM_BDTRConfig), (32 bytes).
    Removing stm32f10x_tim.o(i.TIM_BDTRStructInit), (18 bytes).
    Removing stm32f10x_tim.o(i.TIM_CCPreloadControl), (24 bytes).
    Removing stm32f10x_tim.o(i.TIM_CCxCmd), (30 bytes).
    Removing stm32f10x_tim.o(i.TIM_CCxNCmd), (30 bytes).
    Removing stm32f10x_tim.o(i.TIM_ClearFlag), (6 bytes).
    Removing stm32f10x_tim.o(i.TIM_ClearITPendingBit), (6 bytes).
    Removing stm32f10x_tim.o(i.TIM_ClearOC1Ref), (18 bytes).
    Removing stm32f10x_tim.o(i.TIM_ClearOC2Ref), (24 bytes).
    Removing stm32f10x_tim.o(i.TIM_ClearOC3Ref), (18 bytes).
    Removing stm32f10x_tim.o(i.TIM_ClearOC4Ref), (24 bytes).
    Removing stm32f10x_tim.o(i.TIM_CounterModeConfig), (18 bytes).
    Removing stm32f10x_tim.o(i.TIM_CtrlPWMOutputs), (30 bytes).
    Removing stm32f10x_tim.o(i.TIM_DMACmd), (18 bytes).
    Removing stm32f10x_tim.o(i.TIM_DMAConfig), (10 bytes).
    Removing stm32f10x_tim.o(i.TIM_DeInit), (488 bytes).
    Removing stm32f10x_tim.o(i.TIM_ETRClockMode1Config), (54 bytes).
    Removing stm32f10x_tim.o(i.TIM_ETRClockMode2Config), (32 bytes).
    Removing stm32f10x_tim.o(i.TIM_ETRConfig), (28 bytes).
    Removing stm32f10x_tim.o(i.TIM_EncoderInterfaceConfig), (66 bytes).
    Removing stm32f10x_tim.o(i.TIM_ForcedOC1Config), (18 bytes).
    Removing stm32f10x_tim.o(i.TIM_ForcedOC2Config), (26 bytes).
    Removing stm32f10x_tim.o(i.TIM_ForcedOC3Config), (18 bytes).
    Removing stm32f10x_tim.o(i.TIM_ForcedOC4Config), (26 bytes).
    Removing stm32f10x_tim.o(i.TIM_GenerateEvent), (4 bytes).
    Removing stm32f10x_tim.o(i.TIM_GetCapture1), (6 bytes).
    Removing stm32f10x_tim.o(i.TIM_GetCapture2), (6 bytes).
    Removing stm32f10x_tim.o(i.TIM_GetCapture3), (6 bytes).
    Removing stm32f10x_tim.o(i.TIM_GetCapture4), (8 bytes).
    Removing stm32f10x_tim.o(i.TIM_GetCounter), (6 bytes).
    Removing stm32f10x_tim.o(i.TIM_GetFlagStatus), (18 bytes).
    Removing stm32f10x_tim.o(i.TIM_GetITStatus), (34 bytes).
    Removing stm32f10x_tim.o(i.TIM_GetPrescaler), (6 bytes).
    Removing stm32f10x_tim.o(i.TIM_ICInit), (172 bytes).
    Removing stm32f10x_tim.o(i.TIM_ICStructInit), (18 bytes).
    Removing stm32f10x_tim.o(i.TIM_ITConfig), (18 bytes).
    Removing stm32f10x_tim.o(i.TIM_ITRxExternalClockConfig), (24 bytes).
    Removing stm32f10x_tim.o(i.TIM_InternalClockConfig), (12 bytes).
    Removing stm32f10x_tim.o(i.TIM_OC1FastConfig), (18 bytes).
    Removing stm32f10x_tim.o(i.TIM_OC1NPolarityConfig), (18 bytes).
    Removing stm32f10x_tim.o(i.TIM_OC1PolarityConfig), (18 bytes).
    Removing stm32f10x_tim.o(i.TIM_OC2FastConfig), (26 bytes).
    Removing stm32f10x_tim.o(i.TIM_OC2NPolarityConfig), (26 bytes).
    Removing stm32f10x_tim.o(i.TIM_OC2PolarityConfig), (26 bytes).
    Removing stm32f10x_tim.o(i.TIM_OC3FastConfig), (18 bytes).
    Removing stm32f10x_tim.o(i.TIM_OC3NPolarityConfig), (26 bytes).
    Removing stm32f10x_tim.o(i.TIM_OC3PolarityConfig), (26 bytes).
    Removing stm32f10x_tim.o(i.TIM_OC4FastConfig), (26 bytes).
    Removing stm32f10x_tim.o(i.TIM_OC4PolarityConfig), (26 bytes).
    Removing stm32f10x_tim.o(i.TIM_OCStructInit), (20 bytes).
    Removing stm32f10x_tim.o(i.TIM_PWMIConfig), (124 bytes).
    Removing stm32f10x_tim.o(i.TIM_PrescalerConfig), (6 bytes).
    Removing stm32f10x_tim.o(i.TIM_SelectCCDMA), (24 bytes).
    Removing stm32f10x_tim.o(i.TIM_SelectCOM), (24 bytes).
    Removing stm32f10x_tim.o(i.TIM_SelectHallSensor), (24 bytes).
    Removing stm32f10x_tim.o(i.TIM_SelectInputTrigger), (18 bytes).
    Removing stm32f10x_tim.o(i.TIM_SelectMasterSlaveMode), (18 bytes).
    Removing stm32f10x_tim.o(i.TIM_SelectOCxM), (82 bytes).
    Removing stm32f10x_tim.o(i.TIM_SelectOnePulseMode), (18 bytes).
    Removing stm32f10x_tim.o(i.TIM_SelectOutputTrigger), (18 bytes).
    Removing stm32f10x_tim.o(i.TIM_SelectSlaveMode), (18 bytes).
    Removing stm32f10x_tim.o(i.TIM_SetAutoreload), (4 bytes).
    Removing stm32f10x_tim.o(i.TIM_SetClockDivision), (18 bytes).
    Removing stm32f10x_tim.o(i.TIM_SetCompare1), (4 bytes).
    Removing stm32f10x_tim.o(i.TIM_SetCompare2), (4 bytes).
    Removing stm32f10x_tim.o(i.TIM_SetCompare3), (4 bytes).
    Removing stm32f10x_tim.o(i.TIM_SetCompare4), (6 bytes).
    Removing stm32f10x_tim.o(i.TIM_SetCounter), (4 bytes).
    Removing stm32f10x_tim.o(i.TIM_SetIC1Prescaler), (18 bytes).
    Removing stm32f10x_tim.o(i.TIM_SetIC2Prescaler), (26 bytes).
    Removing stm32f10x_tim.o(i.TIM_SetIC3Prescaler), (18 bytes).
    Removing stm32f10x_tim.o(i.TIM_SetIC4Prescaler), (26 bytes).
    Removing stm32f10x_tim.o(i.TIM_TIxExternalClockConfig), (62 bytes).
    Removing stm32f10x_tim.o(i.TIM_TimeBaseStructInit), (18 bytes).
    Removing stm32f10x_tim.o(i.TIM_UpdateDisableConfig), (24 bytes).
    Removing stm32f10x_tim.o(i.TIM_UpdateRequestConfig), (24 bytes).
    Removing stm32f10x_usart.o(i.USART_ClearFlag), (18 bytes).
    Removing stm32f10x_usart.o(i.USART_ClearITPendingBit), (30 bytes).
    Removing stm32f10x_usart.o(i.USART_ClockInit), (34 bytes).
    Removing stm32f10x_usart.o(i.USART_ClockStructInit), (12 bytes).
    Removing stm32f10x_usart.o(i.USART_DMACmd), (18 bytes).
    Removing stm32f10x_usart.o(i.USART_DeInit), (156 bytes).
    Removing stm32f10x_usart.o(i.USART_HalfDuplexCmd), (24 bytes).
    Removing stm32f10x_usart.o(i.USART_IrDACmd), (24 bytes).
    Removing stm32f10x_usart.o(i.USART_IrDAConfig), (18 bytes).
    Removing stm32f10x_usart.o(i.USART_LINBreakDetectLengthConfig), (18 bytes).
    Removing stm32f10x_usart.o(i.USART_LINCmd), (24 bytes).
    Removing stm32f10x_usart.o(i.USART_OneBitMethodCmd), (24 bytes).
    Removing stm32f10x_usart.o(i.USART_OverSampling8Cmd), (22 bytes).
    Removing stm32f10x_usart.o(i.USART_ReceiverWakeUpCmd), (24 bytes).
    Removing stm32f10x_usart.o(i.USART_SendBreak), (10 bytes).
    Removing stm32f10x_usart.o(i.USART_SetAddress), (18 bytes).
    Removing stm32f10x_usart.o(i.USART_SetGuardTime), (16 bytes).
    Removing stm32f10x_usart.o(i.USART_SetPrescaler), (16 bytes).
    Removing stm32f10x_usart.o(i.USART_SmartCardCmd), (24 bytes).
    Removing stm32f10x_usart.o(i.USART_SmartCardNACKCmd), (24 bytes).
    Removing stm32f10x_usart.o(i.USART_StructInit), (24 bytes).
    Removing stm32f10x_usart.o(i.USART_WakeUpConfig), (18 bytes).
    Removing stm32f10x_wwdg.o(i.WWDG_ClearFlag), (12 bytes).
    Removing stm32f10x_wwdg.o(i.WWDG_DeInit), (22 bytes).
    Removing stm32f10x_wwdg.o(i.WWDG_Enable), (16 bytes).
    Removing stm32f10x_wwdg.o(i.WWDG_EnableIT), (12 bytes).
    Removing stm32f10x_wwdg.o(i.WWDG_GetFlagStatus), (12 bytes).
    Removing stm32f10x_wwdg.o(i.WWDG_SetCounter), (16 bytes).
    Removing stm32f10x_wwdg.o(i.WWDG_SetPrescaler), (24 bytes).
    Removing stm32f10x_wwdg.o(i.WWDG_SetWindowValue), (40 bytes).
    Removing bsp_ov7725.o(i.OV7725_Window_VGA_Set), (212 bytes).
    Removing bsp_ov7725.o(i.OV7725_to_ADC), (2 bytes).
    Removing bsp_ili9341_lcd.o(i.ILI9341_DispString_EN), (104 bytes).
    Removing bsp_ili9341_lcd.o(i.ILI9341_DispString_EN_YDir), (104 bytes).
    Removing bsp_ili9341_lcd.o(i.ILI9341_DrawCircle), (312 bytes).
    Removing bsp_ili9341_lcd.o(i.ILI9341_DrawLine), (160 bytes).
    Removing bsp_ili9341_lcd.o(i.ILI9341_DrawRectangle), (136 bytes).
    Removing bsp_ili9341_lcd.o(i.ILI9341_GetPointPixel), (24 bytes).
    Removing bsp_ili9341_lcd.o(i.ILI9341_Read_Data), (12 bytes).
    Removing bsp_ili9341_lcd.o(i.ILI9341_Read_PixelData), (54 bytes).
    Removing bsp_ili9341_lcd.o(i.ILI9341_SetCursor), (20 bytes).
    Removing bsp_ili9341_lcd.o(i.ILI9341_SetPointPixel), (56 bytes).
    Removing bsp_ili9341_lcd.o(i.LCD_ClearLine), (32 bytes).
    Removing bsp_ili9341_lcd.o(i.LCD_GetColors), (24 bytes).
    Removing bsp_ili9341_lcd.o(i.LCD_SetBackColor), (12 bytes).
    Removing bsp_ili9341_lcd.o(i.LCD_SetTextColor), (12 bytes).
    Removing bsp_usart.o(i.Usart_SendByte), (30 bytes).
    Removing bsp_usart.o(i.Usart_SendString), (42 bytes).
    Removing bsp_key.o(i.Key_Scan), (40 bytes).
    Removing bsp_systick.o(i.get_tick_count), (16 bytes).
    Removing bsp_systick.o(i.mdelay), (20 bytes).
    Removing cdcmple.o(.text), (48 bytes).

450 unused section(s) (total 17902 bytes) removed from the image.

==============================================================================

Image Symbol Table

    Local Symbols

    Symbol Name                              Value     Ov Type        Size  Object(Section)

    ../clib/microlib/errno.c                 0x00000000   Number         0  errno.o ABSOLUTE
    ../clib/microlib/init/entry.s            0x00000000   Number         0  entry9a.o ABSOLUTE
    ../clib/microlib/init/entry.s            0x00000000   Number         0  entry5.o ABSOLUTE
    ../clib/microlib/init/entry.s            0x00000000   Number         0  entry11b.o ABSOLUTE
    ../clib/microlib/init/entry.s            0x00000000   Number         0  entry7a.o ABSOLUTE
    ../clib/microlib/init/entry.s            0x00000000   Number         0  entry7b.o ABSOLUTE
    ../clib/microlib/init/entry.s            0x00000000   Number         0  entry.o ABSOLUTE
    ../clib/microlib/init/entry.s            0x00000000   Number         0  entry11a.o ABSOLUTE
    ../clib/microlib/init/entry.s            0x00000000   Number         0  entry10b.o ABSOLUTE
    ../clib/microlib/init/entry.s            0x00000000   Number         0  entry8a.o ABSOLUTE
    ../clib/microlib/init/entry.s            0x00000000   Number         0  entry10a.o ABSOLUTE
    ../clib/microlib/init/entry.s            0x00000000   Number         0  entry2.o ABSOLUTE
    ../clib/microlib/init/entry.s            0x00000000   Number         0  entry8b.o ABSOLUTE
    ../clib/microlib/init/entry.s            0x00000000   Number         0  entry9b.o ABSOLUTE
    ../clib/microlib/longlong.c              0x00000000   Number         0  llshl.o ABSOLUTE
    ../clib/microlib/longlong.c              0x00000000   Number         0  llsshr.o ABSOLUTE
    ../clib/microlib/longlong.c              0x00000000   Number         0  llushr.o ABSOLUTE
    ../clib/microlib/stubs.s                 0x00000000   Number         0  iusefp.o ABSOLUTE
    ../fplib/microlib/d2f.c                  0x00000000   Number         0  d2f.o ABSOLUTE
    ../fplib/microlib/f2d.c                  0x00000000   Number         0  f2d.o ABSOLUTE
    ../fplib/microlib/fpadd.c                0x00000000   Number         0  dadd.o ABSOLUTE
    ../fplib/microlib/fpdiv.c                0x00000000   Number         0  ddiv.o ABSOLUTE
    ../fplib/microlib/fpepilogue.c           0x00000000   Number         0  fepilogue.o ABSOLUTE
    ../fplib/microlib/fpepilogue.c           0x00000000   Number         0  depilogue.o ABSOLUTE
    ../fplib/microlib/fpfix.c                0x00000000   Number         0  ffixui.o ABSOLUTE
    ../fplib/microlib/fpflt.c                0x00000000   Number         0  dfltui.o ABSOLUTE
    ../fplib/microlib/fpmul.c                0x00000000   Number         0  dmul.o ABSOLUTE
    ../fplib/microlib/fpsqrt.c               0x00000000   Number         0  dsqrt.o ABSOLUTE
    ../mathlib/sqrt.c                        0x00000000   Number         0  sqrt.o ABSOLUTE
    ../mathlib/sqrt.c                        0x00000000   Number         0  sqrt_x.o ABSOLUTE
    ..\..\Libraries\CMSIS\core_cm3.c         0x00000000   Number         0  core_cm3.o ABSOLUTE
    ..\..\Libraries\CMSIS\startup\startup_stm32f10x_hd.s 0x00000000   Number         0  startup_stm32f10x_hd.o ABSOLUTE
    ..\..\Libraries\CMSIS\system_stm32f10x.c 0x00000000   Number         0  system_stm32f10x.o ABSOLUTE
    ..\..\Libraries\FWlib\src\misc.c         0x00000000   Number         0  misc.o ABSOLUTE
    ..\..\Libraries\FWlib\src\stm32f10x_adc.c 0x00000000   Number         0  stm32f10x_adc.o ABSOLUTE
    ..\..\Libraries\FWlib\src\stm32f10x_bkp.c 0x00000000   Number         0  stm32f10x_bkp.o ABSOLUTE
    ..\..\Libraries\FWlib\src\stm32f10x_can.c 0x00000000   Number         0  stm32f10x_can.o ABSOLUTE
    ..\..\Libraries\FWlib\src\stm32f10x_cec.c 0x00000000   Number         0  stm32f10x_cec.o ABSOLUTE
    ..\..\Libraries\FWlib\src\stm32f10x_crc.c 0x00000000   Number         0  stm32f10x_crc.o ABSOLUTE
    ..\..\Libraries\FWlib\src\stm32f10x_dac.c 0x00000000   Number         0  stm32f10x_dac.o ABSOLUTE
    ..\..\Libraries\FWlib\src\stm32f10x_dbgmcu.c 0x00000000   Number         0  stm32f10x_dbgmcu.o ABSOLUTE
    ..\..\Libraries\FWlib\src\stm32f10x_dma.c 0x00000000   Number         0  stm32f10x_dma.o ABSOLUTE
    ..\..\Libraries\FWlib\src\stm32f10x_exti.c 0x00000000   Number         0  stm32f10x_exti.o ABSOLUTE
    ..\..\Libraries\FWlib\src\stm32f10x_flash.c 0x00000000   Number         0  stm32f10x_flash.o ABSOLUTE
    ..\..\Libraries\FWlib\src\stm32f10x_fsmc.c 0x00000000   Number         0  stm32f10x_fsmc.o ABSOLUTE
    ..\..\Libraries\FWlib\src\stm32f10x_gpio.c 0x00000000   Number         0  stm32f10x_gpio.o ABSOLUTE
    ..\..\Libraries\FWlib\src\stm32f10x_i2c.c 0x00000000   Number         0  stm32f10x_i2c.o ABSOLUTE
    ..\..\Libraries\FWlib\src\stm32f10x_iwdg.c 0x00000000   Number         0  stm32f10x_iwdg.o ABSOLUTE
    ..\..\Libraries\FWlib\src\stm32f10x_pwr.c 0x00000000   Number         0  stm32f10x_pwr.o ABSOLUTE
    ..\..\Libraries\FWlib\src\stm32f10x_rcc.c 0x00000000   Number         0  stm32f10x_rcc.o ABSOLUTE
    ..\..\Libraries\FWlib\src\stm32f10x_rtc.c 0x00000000   Number         0  stm32f10x_rtc.o ABSOLUTE
    ..\..\Libraries\FWlib\src\stm32f10x_sdio.c 0x00000000   Number         0  stm32f10x_sdio.o ABSOLUTE
    ..\..\Libraries\FWlib\src\stm32f10x_spi.c 0x00000000   Number         0  stm32f10x_spi.o ABSOLUTE
    ..\..\Libraries\FWlib\src\stm32f10x_tim.c 0x00000000   Number         0  stm32f10x_tim.o ABSOLUTE
    ..\..\Libraries\FWlib\src\stm32f10x_usart.c 0x00000000   Number         0  stm32f10x_usart.o ABSOLUTE
    ..\..\Libraries\FWlib\src\stm32f10x_wwdg.c 0x00000000   Number         0  stm32f10x_wwdg.o ABSOLUTE
    ..\..\User\GeneralTim\bsp_GeneralTim.c   0x00000000   Number         0  bsp_generaltim.o ABSOLUTE
    ..\..\User\Key\bsp_key.c                 0x00000000   Number         0  bsp_key.o ABSOLUTE
    ..\..\User\SysTick\bsp_SysTick.c         0x00000000   Number         0  bsp_systick.o ABSOLUTE
    ..\..\User\Transmit.c                    0x00000000   Number         0  transmit.o ABSOLUTE
    ..\..\User\adc\bsp_adc.c                 0x00000000   Number         0  bsp_adc.o ABSOLUTE
    ..\..\User\font\fonts.c                  0x00000000   Number         0  fonts.o ABSOLUTE
    ..\..\User\lcd\bsp_ili9341_lcd.c         0x00000000   Number         0  bsp_ili9341_lcd.o ABSOLUTE
    ..\..\User\led\bsp_led.c                 0x00000000   Number         0  bsp_led.o ABSOLUTE
    ..\..\User\main.c                        0x00000000   Number         0  main.o ABSOLUTE
    ..\..\User\ov7725\bsp_ov7725.c           0x00000000   Number         0  bsp_ov7725.o ABSOLUTE
    ..\..\User\sccb\bsp_sccb.c               0x00000000   Number         0  bsp_sccb.o ABSOLUTE
    ..\..\User\stm32f10x_it.c                0x00000000   Number         0  stm32f10x_it.o ABSOLUTE
    ..\..\User\task_functions.c              0x00000000   Number         0  task_functions.o ABSOLUTE
    ..\..\User\usart\bsp_usart.c             0x00000000   Number         0  bsp_usart.o ABSOLUTE
    ..\\..\\Libraries\\CMSIS\\core_cm3.c     0x00000000   Number         0  core_cm3.o ABSOLUTE
    cdcmple.s                                0x00000000   Number         0  cdcmple.o ABSOLUTE
    dc.s                                     0x00000000   Number         0  dc.o ABSOLUTE
    handlers.s                               0x00000000   Number         0  handlers.o ABSOLUTE
    init.s                                   0x00000000   Number         0  init.o ABSOLUTE
    RESET                                    0x08000000   Section      304  startup_stm32f10x_hd.o(RESET)
    .ARM.Collect$$$$00000000                 0x08000130   Section        0  entry.o(.ARM.Collect$$$$00000000)
    .ARM.Collect$$$$00000001                 0x08000130   Section        4  entry2.o(.ARM.Collect$$$$00000001)
    .ARM.Collect$$$$00000004                 0x08000134   Section        4  entry5.o(.ARM.Collect$$$$00000004)
    .ARM.Collect$$$$00000008                 0x08000138   Section        0  entry7b.o(.ARM.Collect$$$$00000008)
    .ARM.Collect$$$$0000000A                 0x08000138   Section        0  entry8b.o(.ARM.Collect$$$$0000000A)
    .ARM.Collect$$$$0000000B                 0x08000138   Section        8  entry9a.o(.ARM.Collect$$$$0000000B)
    .ARM.Collect$$$$0000000D                 0x08000140   Section        0  entry10a.o(.ARM.Collect$$$$0000000D)
    .ARM.Collect$$$$0000000F                 0x08000140   Section        0  entry11a.o(.ARM.Collect$$$$0000000F)
    .ARM.Collect$$$$00002712                 0x08000140   Section        4  entry2.o(.ARM.Collect$$$$00002712)
    __lit__00000000                          0x08000140   Data           4  entry2.o(.ARM.Collect$$$$00002712)
    .text                                    0x08000144   Section       36  startup_stm32f10x_hd.o(.text)
    .text                                    0x08000168   Section        0  dadd.o(.text)
    .text                                    0x080002b6   Section        0  dmul.o(.text)
    .text                                    0x0800039a   Section        0  ddiv.o(.text)
    .text                                    0x08000478   Section        0  dfltui.o(.text)
    .text                                    0x08000492   Section        0  ffixui.o(.text)
    .text                                    0x080004ba   Section        0  f2d.o(.text)
    .text                                    0x080004e0   Section        0  d2f.o(.text)
    .text                                    0x08000518   Section        0  llshl.o(.text)
    .text                                    0x08000536   Section        0  llsshr.o(.text)
    .text                                    0x0800055a   Section        0  fepilogue.o(.text)
    .text                                    0x0800055a   Section        0  iusefp.o(.text)
    .text                                    0x080005c8   Section        0  depilogue.o(.text)
    .text                                    0x08000682   Section        0  dsqrt.o(.text)
    .text                                    0x08000724   Section       36  init.o(.text)
    .text                                    0x08000748   Section        0  llushr.o(.text)
    i.ADC_Cmd                                0x08000768   Section        0  stm32f10x_adc.o(i.ADC_Cmd)
    i.ADC_DMACmd                             0x0800077e   Section        0  stm32f10x_adc.o(i.ADC_DMACmd)
    i.ADC_GetCalibrationStatus               0x08000794   Section        0  stm32f10x_adc.o(i.ADC_GetCalibrationStatus)
    i.ADC_GetResetCalibrationStatus          0x080007a8   Section        0  stm32f10x_adc.o(i.ADC_GetResetCalibrationStatus)
    i.ADC_Init                               0x080007bc   Section        0  stm32f10x_adc.o(i.ADC_Init)
    i.ADC_RegularChannelConfig               0x0800080c   Section        0  stm32f10x_adc.o(i.ADC_RegularChannelConfig)
    i.ADC_ResetCalibration                   0x080008c4   Section        0  stm32f10x_adc.o(i.ADC_ResetCalibration)
    i.ADC_SoftwareStartConvCmd               0x080008ce   Section        0  stm32f10x_adc.o(i.ADC_SoftwareStartConvCmd)
    i.ADC_StartCalibration                   0x080008e4   Section        0  stm32f10x_adc.o(i.ADC_StartCalibration)
    i.ADCx_GPIO_Config                       0x080008f0   Section        0  bsp_adc.o(i.ADCx_GPIO_Config)
    ADCx_GPIO_Config                         0x080008f1   Thumb Code    32  bsp_adc.o(i.ADCx_GPIO_Config)
    i.ADCx_Init                              0x08000914   Section        0  bsp_adc.o(i.ADCx_Init)
    i.ADCx_Mode_Config                       0x08000920   Section        0  bsp_adc.o(i.ADCx_Mode_Config)
    ADCx_Mode_Config                         0x08000921   Thumb Code   240  bsp_adc.o(i.ADCx_Mode_Config)
    i.BusFault_Handler                       0x08000a1c   Section        0  stm32f10x_it.o(i.BusFault_Handler)
    i.DMA_Cmd                                0x08000a20   Section        0  stm32f10x_dma.o(i.DMA_Cmd)
    i.DMA_DeInit                             0x08000a38   Section        0  stm32f10x_dma.o(i.DMA_DeInit)
    i.DMA_Init                               0x08000b84   Section        0  stm32f10x_dma.o(i.DMA_Init)
    i.DebugMon_Handler                       0x08000bc0   Section        0  stm32f10x_it.o(i.DebugMon_Handler)
    i.Delay                                  0x08000bc2   Section        0  task_functions.o(i.Delay)
    i.Distance_Initialize                    0x08000bd4   Section        0  bsp_adc.o(i.Distance_Initialize)
    i.EXTI3_IRQHandler                       0x08000c64   Section        0  stm32f10x_it.o(i.EXTI3_IRQHandler)
    i.EXTI_ClearITPendingBit                 0x08000cc0   Section        0  stm32f10x_exti.o(i.EXTI_ClearITPendingBit)
    i.EXTI_GenerateSWInterrupt               0x08000ccc   Section        0  stm32f10x_exti.o(i.EXTI_GenerateSWInterrupt)
    i.EXTI_GetITStatus                       0x08000cdc   Section        0  stm32f10x_exti.o(i.EXTI_GetITStatus)
    i.EXTI_Init                              0x08000d04   Section        0  stm32f10x_exti.o(i.EXTI_Init)
    i.FIFO_GPIO_Config                       0x08000d98   Section        0  bsp_ov7725.o(i.FIFO_GPIO_Config)
    FIFO_GPIO_Config                         0x08000d99   Thumb Code   136  bsp_ov7725.o(i.FIFO_GPIO_Config)
    i.FSMC_NORSRAMCmd                        0x08000e30   Section        0  stm32f10x_fsmc.o(i.FSMC_NORSRAMCmd)
    i.FSMC_NORSRAMInit                       0x08000e64   Section        0  stm32f10x_fsmc.o(i.FSMC_NORSRAMInit)
    i.GENERAL_TIM_CH1_CHANGE                 0x08000f4c   Section        0  bsp_generaltim.o(i.GENERAL_TIM_CH1_CHANGE)
    i.GENERAL_TIM_CH2_CHANGE                 0x08000f7c   Section        0  bsp_generaltim.o(i.GENERAL_TIM_CH2_CHANGE)
    i.GENERAL_TIM_CH3_CHANGE                 0x08000fac   Section        0  bsp_generaltim.o(i.GENERAL_TIM_CH3_CHANGE)
    i.GENERAL_TIM_CH4_CHANGE                 0x08000fdc   Section        0  bsp_generaltim.o(i.GENERAL_TIM_CH4_CHANGE)
    i.GENERAL_TIM_GPIO_Config                0x0800100c   Section        0  bsp_generaltim.o(i.GENERAL_TIM_GPIO_Config)
    GENERAL_TIM_GPIO_Config                  0x0800100d   Thumb Code   140  bsp_generaltim.o(i.GENERAL_TIM_GPIO_Config)
    i.GENERAL_TIM_Init                       0x080010a0   Section        0  bsp_generaltim.o(i.GENERAL_TIM_Init)
    i.GENERAL_TIM_Mode_Config                0x080010ac   Section        0  bsp_generaltim.o(i.GENERAL_TIM_Mode_Config)
    GENERAL_TIM_Mode_Config                  0x080010ad   Thumb Code   168  bsp_generaltim.o(i.GENERAL_TIM_Mode_Config)
    i.GPIO_EXTILineConfig                    0x08001158   Section        0  stm32f10x_gpio.o(i.GPIO_EXTILineConfig)
    i.GPIO_Init                              0x08001198   Section        0  stm32f10x_gpio.o(i.GPIO_Init)
    i.GPIO_ReadInputDataBit                  0x080012ae   Section        0  stm32f10x_gpio.o(i.GPIO_ReadInputDataBit)
    i.GPIO_ResetBits                         0x080012c0   Section        0  stm32f10x_gpio.o(i.GPIO_ResetBits)
    i.GPIO_SetBits                           0x080012c4   Section        0  stm32f10x_gpio.o(i.GPIO_SetBits)
    i.Get_PingPang                           0x080012c8   Section        0  task_functions.o(i.Get_PingPang)
    i.Hand_Init                              0x08001324   Section        0  task_functions.o(i.Hand_Init)
    i.HardFault_Handler                      0x08001340   Section        0  stm32f10x_it.o(i.HardFault_Handler)
    i.ILI9341_BackLed_Control                0x08001344   Section        0  bsp_ili9341_lcd.o(i.ILI9341_BackLed_Control)
    i.ILI9341_Clear                          0x08001368   Section        0  bsp_ili9341_lcd.o(i.ILI9341_Clear)
    i.ILI9341_Delay                          0x08001394   Section        0  bsp_ili9341_lcd.o(i.ILI9341_Delay)
    ILI9341_Delay                            0x08001395   Thumb Code    18  bsp_ili9341_lcd.o(i.ILI9341_Delay)
    i.ILI9341_DispChar_EN                    0x080013a8   Section        0  bsp_ili9341_lcd.o(i.ILI9341_DispChar_EN)
    i.ILI9341_DispStringLine_EN              0x08001440   Section        0  bsp_ili9341_lcd.o(i.ILI9341_DispStringLine_EN)
    i.ILI9341_FSMC_Config                    0x080014a8   Section        0  bsp_ili9341_lcd.o(i.ILI9341_FSMC_Config)
    ILI9341_FSMC_Config                      0x080014a9   Thumb Code    94  bsp_ili9341_lcd.o(i.ILI9341_FSMC_Config)
    i.ILI9341_FillColor                      0x08001506   Section        0  bsp_ili9341_lcd.o(i.ILI9341_FillColor)
    ILI9341_FillColor                        0x08001507   Thumb Code    32  bsp_ili9341_lcd.o(i.ILI9341_FillColor)
    i.ILI9341_GPIO_Config                    0x08001528   Section        0  bsp_ili9341_lcd.o(i.ILI9341_GPIO_Config)
    ILI9341_GPIO_Config                      0x08001529   Thumb Code   398  bsp_ili9341_lcd.o(i.ILI9341_GPIO_Config)
    i.ILI9341_GramScan                       0x080016c0   Section        0  bsp_ili9341_lcd.o(i.ILI9341_GramScan)
    i.ILI9341_Init                           0x08001778   Section        0  bsp_ili9341_lcd.o(i.ILI9341_Init)
    i.ILI9341_OpenWindow                     0x080017a0   Section        0  bsp_ili9341_lcd.o(i.ILI9341_OpenWindow)
    i.ILI9341_REG_Config                     0x080017f8   Section        0  bsp_ili9341_lcd.o(i.ILI9341_REG_Config)
    ILI9341_REG_Config                       0x080017f9   Thumb Code   556  bsp_ili9341_lcd.o(i.ILI9341_REG_Config)
    i.ILI9341_Rst                            0x08001a28   Section        0  bsp_ili9341_lcd.o(i.ILI9341_Rst)
    i.ILI9341_Write_Cmd                      0x08001a50   Section        0  bsp_ili9341_lcd.o(i.ILI9341_Write_Cmd)
    i.ILI9341_Write_Data                     0x08001a58   Section        0  bsp_ili9341_lcd.o(i.ILI9341_Write_Data)
    i.ImagDisp1                              0x08001a64   Section        0  bsp_ov7725.o(i.ImagDisp1)
    i.ImagDisp2                              0x08001b44   Section        0  bsp_ov7725.o(i.ImagDisp2)
    i.Key_GPIO_Config                        0x08001c58   Section        0  bsp_key.o(i.Key_GPIO_Config)
    i.LCD_GetFont                            0x08001c98   Section        0  bsp_ili9341_lcd.o(i.LCD_GetFont)
    i.LCD_SCREEN_CONFIG                      0x08001ca4   Section        0  task_functions.o(i.LCD_SCREEN_CONFIG)
    i.LCD_SetColors                          0x08001ce0   Section        0  bsp_ili9341_lcd.o(i.LCD_SetColors)
    i.LCD_SetFont                            0x08001cf4   Section        0  bsp_ili9341_lcd.o(i.LCD_SetFont)
    i.LED_GPIO_Config                        0x08001d00   Section        0  bsp_led.o(i.LED_GPIO_Config)
    i.Left_Task                              0x08001d60   Section        0  task_functions.o(i.Left_Task)
    i.MemManage_Handler                      0x08001f54   Section        0  stm32f10x_it.o(i.MemManage_Handler)
    i.NMI_Handler                            0x08001f58   Section        0  stm32f10x_it.o(i.NMI_Handler)
    i.NVIC_Init                              0x08001f5c   Section        0  misc.o(i.NVIC_Init)
    i.NVIC_PriorityGroupConfig               0x08001fcc   Section        0  misc.o(i.NVIC_PriorityGroupConfig)
    i.OV7725_Brightness                      0x08001fe0   Section        0  bsp_ov7725.o(i.OV7725_Brightness)
    i.OV7725_Color_Saturation                0x08002044   Section        0  bsp_ov7725.o(i.OV7725_Color_Saturation)
    i.OV7725_Contrast                        0x0800206c   Section        0  bsp_ov7725.o(i.OV7725_Contrast)
    i.OV7725_GPIO_Config                     0x0800208e   Section        0  bsp_ov7725.o(i.OV7725_GPIO_Config)
    i.OV7725_Init                            0x080020a0   Section        0  bsp_ov7725.o(i.OV7725_Init)
    i.OV7725_Initializer                     0x08002108   Section        0  task_functions.o(i.OV7725_Initializer)
    i.OV7725_Light_Mode                      0x08002164   Section        0  bsp_ov7725.o(i.OV7725_Light_Mode)
    i.OV7725_MODE_CONFIG                     0x08002278   Section        0  task_functions.o(i.OV7725_MODE_CONFIG)
    i.OV7725_Special_Effect                  0x08002300   Section        0  bsp_ov7725.o(i.OV7725_Special_Effect)
    i.OV7725_Window_Set                      0x080023be   Section        0  bsp_ov7725.o(i.OV7725_Window_Set)
    i.PendSV_Handler                         0x080024a6   Section        0  stm32f10x_it.o(i.PendSV_Handler)
    i.RCC_ADCCLKConfig                       0x080024a8   Section        0  stm32f10x_rcc.o(i.RCC_ADCCLKConfig)
    i.RCC_AHBPeriphClockCmd                  0x080024c0   Section        0  stm32f10x_rcc.o(i.RCC_AHBPeriphClockCmd)
    i.RCC_APB1PeriphClockCmd                 0x080024e0   Section        0  stm32f10x_rcc.o(i.RCC_APB1PeriphClockCmd)
    i.RCC_APB2PeriphClockCmd                 0x08002500   Section        0  stm32f10x_rcc.o(i.RCC_APB2PeriphClockCmd)
    i.RCC_GetClocksFreq                      0x08002520   Section        0  stm32f10x_rcc.o(i.RCC_GetClocksFreq)
    i.Receving_Data                          0x080025f4   Section        0  transmit.o(i.Receving_Data)
    i.Right_Task                             0x08002638   Section        0  task_functions.o(i.Right_Task)
    i.SCCB_Ack                               0x0800282c   Section        0  bsp_sccb.o(i.SCCB_Ack)
    SCCB_Ack                                 0x0800282d   Thumb Code    52  bsp_sccb.o(i.SCCB_Ack)
    i.SCCB_GPIO_Config                       0x08002864   Section        0  bsp_sccb.o(i.SCCB_GPIO_Config)
    i.SCCB_NoAck                             0x080028a4   Section        0  bsp_sccb.o(i.SCCB_NoAck)
    SCCB_NoAck                               0x080028a5   Thumb Code    52  bsp_sccb.o(i.SCCB_NoAck)
    i.SCCB_ReadByte                          0x080028dc   Section        0  bsp_sccb.o(i.SCCB_ReadByte)
    i.SCCB_ReceiveByte                       0x08002958   Section        0  bsp_sccb.o(i.SCCB_ReceiveByte)
    SCCB_ReceiveByte                         0x08002959   Thumb Code    80  bsp_sccb.o(i.SCCB_ReceiveByte)
    i.SCCB_SendByte                          0x080029ac   Section        0  bsp_sccb.o(i.SCCB_SendByte)
    SCCB_SendByte                            0x080029ad   Thumb Code    84  bsp_sccb.o(i.SCCB_SendByte)
    i.SCCB_Start                             0x08002a04   Section        0  bsp_sccb.o(i.SCCB_Start)
    SCCB_Start                               0x08002a05   Thumb Code    78  bsp_sccb.o(i.SCCB_Start)
    i.SCCB_Stop                              0x08002a58   Section        0  bsp_sccb.o(i.SCCB_Stop)
    SCCB_Stop                                0x08002a59   Thumb Code    52  bsp_sccb.o(i.SCCB_Stop)
    i.SCCB_WaitAck                           0x08002a90   Section        0  bsp_sccb.o(i.SCCB_WaitAck)
    SCCB_WaitAck                             0x08002a91   Thumb Code    72  bsp_sccb.o(i.SCCB_WaitAck)
    i.SCCB_WriteByte                         0x08002adc   Section        0  bsp_sccb.o(i.SCCB_WriteByte)
    i.SCCB_delay                             0x08002b1c   Section        0  bsp_sccb.o(i.SCCB_delay)
    SCCB_delay                               0x08002b1d   Thumb Code    16  bsp_sccb.o(i.SCCB_delay)
    i.SVC_Handler                            0x08002b2c   Section        0  stm32f10x_it.o(i.SVC_Handler)
    i.Sending_Data                           0x08002b30   Section        0  transmit.o(i.Sending_Data)
    i.SetSysClock                            0x08002b74   Section        0  system_stm32f10x.o(i.SetSysClock)
    SetSysClock                              0x08002b75   Thumb Code     8  system_stm32f10x.o(i.SetSysClock)
    i.SetSysClockTo72                        0x08002b7c   Section        0  system_stm32f10x.o(i.SetSysClockTo72)
    SetSysClockTo72                          0x08002b7d   Thumb Code   214  system_stm32f10x.o(i.SetSysClockTo72)
    i.SysTick_Handler                        0x08002c5c   Section        0  stm32f10x_it.o(i.SysTick_Handler)
    i.SysTick_Init                           0x08002c90   Section        0  bsp_systick.o(i.SysTick_Init)
    i.SystemInit                             0x08002cf8   Section        0  system_stm32f10x.o(i.SystemInit)
    i.TIM_Cmd                                0x08002d58   Section        0  stm32f10x_tim.o(i.TIM_Cmd)
    i.TIM_OC1Init                            0x08002d70   Section        0  stm32f10x_tim.o(i.TIM_OC1Init)
    i.TIM_OC1PreloadConfig                   0x08002e08   Section        0  stm32f10x_tim.o(i.TIM_OC1PreloadConfig)
    i.TIM_OC2Init                            0x08002e1c   Section        0  stm32f10x_tim.o(i.TIM_OC2Init)
    i.TIM_OC2PreloadConfig                   0x08002ec0   Section        0  stm32f10x_tim.o(i.TIM_OC2PreloadConfig)
    i.TIM_OC3Init                            0x08002edc   Section        0  stm32f10x_tim.o(i.TIM_OC3Init)
    i.TIM_OC3PreloadConfig                   0x08002f7c   Section        0  stm32f10x_tim.o(i.TIM_OC3PreloadConfig)
    i.TIM_OC4Init                            0x08002f90   Section        0  stm32f10x_tim.o(i.TIM_OC4Init)
    i.TIM_OC4PreloadConfig                   0x0800300c   Section        0  stm32f10x_tim.o(i.TIM_OC4PreloadConfig)
    i.TIM_TimeBaseInit                       0x08003028   Section        0  stm32f10x_tim.o(i.TIM_TimeBaseInit)
    i.TimeStamp_Increment                    0x080030cc   Section        0  bsp_systick.o(i.TimeStamp_Increment)
    i.TimingDelay_Decrement                  0x080030dc   Section        0  bsp_systick.o(i.TimingDelay_Decrement)
    i.USART1_IRQHandler                      0x080030f4   Section        0  bsp_usart.o(i.USART1_IRQHandler)
    i.USART_Cmd                              0x0800314c   Section        0  stm32f10x_usart.o(i.USART_Cmd)
    i.USART_GetFlagStatus                    0x08003164   Section        0  stm32f10x_usart.o(i.USART_GetFlagStatus)
    i.USART_GetITStatus                      0x0800317e   Section        0  stm32f10x_usart.o(i.USART_GetITStatus)
    i.USART_ITConfig                         0x080031d2   Section        0  stm32f10x_usart.o(i.USART_ITConfig)
    i.USART_Init                             0x0800321c   Section        0  stm32f10x_usart.o(i.USART_Init)
    i.USART_ReceiveData                      0x080032f4   Section        0  stm32f10x_usart.o(i.USART_ReceiveData)
    i.USART_SendData                         0x080032fe   Section        0  stm32f10x_usart.o(i.USART_SendData)
    i.UsageFault_Handler                     0x08003306   Section        0  stm32f10x_it.o(i.UsageFault_Handler)
    i.VSYNC_GPIO_Config                      0x0800330c   Section        0  bsp_ov7725.o(i.VSYNC_GPIO_Config)
    VSYNC_GPIO_Config                        0x0800330d   Thumb Code   118  bsp_ov7725.o(i.VSYNC_GPIO_Config)
    i.__scatterload_copy                     0x08003388   Section       14  handlers.o(i.__scatterload_copy)
    i.__scatterload_null                     0x08003396   Section        2  handlers.o(i.__scatterload_null)
    i.__scatterload_zeroinit                 0x08003398   Section       14  handlers.o(i.__scatterload_zeroinit)
    i.__set_errno                            0x080033a8   Section        0  errno.o(i.__set_errno)
    i.color_check                            0x080033b4   Section        0  bsp_ov7725.o(i.color_check)
    i.main                                   0x080034c0   Section        0  main.o(i.main)
    i.sqrt                                   0x080035c8   Section        0  sqrt.o(i.sqrt)
    i.uart1_init                             0x08003614   Section        0  bsp_usart.o(i.uart1_init)
    .constdata                               0x080036b8   Section    15200  fonts.o(.constdata)
    .data                                    0x20000000   Section       20  system_stm32f10x.o(.data)
    .data                                    0x20000014   Section       20  stm32f10x_rcc.o(.data)
    APBAHBPrescTable                         0x20000014   Data          16  stm32f10x_rcc.o(.data)
    ADCPrescTable                            0x20000024   Data           4  stm32f10x_rcc.o(.data)
    .data                                    0x20000028   Section        6  main.o(.data)
    .data                                    0x2000002e   Section      176  bsp_ov7725.o(.data)
    .data                                    0x200000e0   Section       16  bsp_ili9341_lcd.o(.data)
    LCD_Currentfonts                         0x200000e8   Data           4  bsp_ili9341_lcd.o(.data)
    CurrentTextColor                         0x200000ec   Data           2  bsp_ili9341_lcd.o(.data)
    CurrentBackColor                         0x200000ee   Data           2  bsp_ili9341_lcd.o(.data)
    .data                                    0x200000f0   Section       24  fonts.o(.data)
    .data                                    0x20000108   Section        8  bsp_systick.o(.data)
    TimingDelay                              0x20000108   Data           4  bsp_systick.o(.data)
    .data                                    0x20000110   Section        4  bsp_adc.o(.data)
    .data                                    0x20000114   Section        4  errno.o(.data)
    _errno                                   0x20000114   Data           4  errno.o(.data)
    .bss                                     0x20000118   Section       12  main.o(.bss)
    STACK                                    0x20000128   Section     4096  startup_stm32f10x_hd.o(STACK)

    Global Symbols

    Symbol Name                              Value     Ov Type        Size  Object(Section)

    BuildAttributes$$THM_ISAv4$P$D$K$B$S$PE$A:L22UL41UL21$X:L11$S22US41US21$IEEE1$IW$USESV6$~STKCKD$USESV7$~SHL$OTIME$ROPI$IEEEJ$EBA8$MICROLIB$REQ8$PRES8$EABIv2 0x00000000   Number         0  anon$$obj.o ABSOLUTE
    __ARM_use_no_argv                        0x00000000   Number         0  main.o ABSOLUTE
    __cpp_initialize__aeabi_                  - Undefined Weak Reference
    __cxa_finalize                            - Undefined Weak Reference
    __decompress                              - Undefined Weak Reference
    _clock_init                               - Undefined Weak Reference
    _microlib_exit                            - Undefined Weak Reference
    __Vectors_Size                           0x00000130   Number         0  startup_stm32f10x_hd.o ABSOLUTE
    __Vectors                                0x08000000   Data           4  startup_stm32f10x_hd.o(RESET)
    __Vectors_End                            0x08000130   Data           0  startup_stm32f10x_hd.o(RESET)
    __main                                   0x08000131   Thumb Code     0  entry.o(.ARM.Collect$$$$00000000)
    _main_stk                                0x08000131   Thumb Code     0  entry2.o(.ARM.Collect$$$$00000001)
    _main_scatterload                        0x08000135   Thumb Code     0  entry5.o(.ARM.Collect$$$$00000004)
    __main_after_scatterload                 0x08000139   Thumb Code     0  entry5.o(.ARM.Collect$$$$00000004)
    _main_clock                              0x08000139   Thumb Code     0  entry7b.o(.ARM.Collect$$$$00000008)
    _main_cpp_init                           0x08000139   Thumb Code     0  entry8b.o(.ARM.Collect$$$$0000000A)
    _main_init                               0x08000139   Thumb Code     0  entry9a.o(.ARM.Collect$$$$0000000B)
    __rt_final_cpp                           0x08000141   Thumb Code     0  entry10a.o(.ARM.Collect$$$$0000000D)
    __rt_final_exit                          0x08000141   Thumb Code     0  entry11a.o(.ARM.Collect$$$$0000000F)
    Reset_Handler                            0x08000145   Thumb Code     8  startup_stm32f10x_hd.o(.text)
    ADC1_2_IRQHandler                        0x0800015f   Thumb Code     0  startup_stm32f10x_hd.o(.text)
    ADC3_IRQHandler                          0x0800015f   Thumb Code     0  startup_stm32f10x_hd.o(.text)
    CAN1_RX1_IRQHandler                      0x0800015f   Thumb Code     0  startup_stm32f10x_hd.o(.text)
    CAN1_SCE_IRQHandler                      0x0800015f   Thumb Code     0  startup_stm32f10x_hd.o(.text)
    DMA1_Channel1_IRQHandler                 0x0800015f   Thumb Code     0  startup_stm32f10x_hd.o(.text)
    DMA1_Channel2_IRQHandler                 0x0800015f   Thumb Code     0  startup_stm32f10x_hd.o(.text)
    DMA1_Channel3_IRQHandler                 0x0800015f   Thumb Code     0  startup_stm32f10x_hd.o(.text)
    DMA1_Channel4_IRQHandler                 0x0800015f   Thumb Code     0  startup_stm32f10x_hd.o(.text)
    DMA1_Channel5_IRQHandler                 0x0800015f   Thumb Code     0  startup_stm32f10x_hd.o(.text)
    DMA1_Channel6_IRQHandler                 0x0800015f   Thumb Code     0  startup_stm32f10x_hd.o(.text)
    DMA1_Channel7_IRQHandler                 0x0800015f   Thumb Code     0  startup_stm32f10x_hd.o(.text)
    DMA2_Channel1_IRQHandler                 0x0800015f   Thumb Code     0  startup_stm32f10x_hd.o(.text)
    DMA2_Channel2_IRQHandler                 0x0800015f   Thumb Code     0  startup_stm32f10x_hd.o(.text)
    DMA2_Channel3_IRQHandler                 0x0800015f   Thumb Code     0  startup_stm32f10x_hd.o(.text)
    DMA2_Channel4_5_IRQHandler               0x0800015f   Thumb Code     0  startup_stm32f10x_hd.o(.text)
    EXTI0_IRQHandler                         0x0800015f   Thumb Code     0  startup_stm32f10x_hd.o(.text)
    EXTI15_10_IRQHandler                     0x0800015f   Thumb Code     0  startup_stm32f10x_hd.o(.text)
    EXTI1_IRQHandler                         0x0800015f   Thumb Code     0  startup_stm32f10x_hd.o(.text)
    EXTI2_IRQHandler                         0x0800015f   Thumb Code     0  startup_stm32f10x_hd.o(.text)
    EXTI4_IRQHandler                         0x0800015f   Thumb Code     0  startup_stm32f10x_hd.o(.text)
    EXTI9_5_IRQHandler                       0x0800015f   Thumb Code     0  startup_stm32f10x_hd.o(.text)
    FLASH_IRQHandler                         0x0800015f   Thumb Code     0  startup_stm32f10x_hd.o(.text)
    FSMC_IRQHandler                          0x0800015f   Thumb Code     0  startup_stm32f10x_hd.o(.text)
    I2C1_ER_IRQHandler                       0x0800015f   Thumb Code     0  startup_stm32f10x_hd.o(.text)
    I2C1_EV_IRQHandler                       0x0800015f   Thumb Code     0  startup_stm32f10x_hd.o(.text)
    I2C2_ER_IRQHandler                       0x0800015f   Thumb Code     0  startup_stm32f10x_hd.o(.text)
    I2C2_EV_IRQHandler                       0x0800015f   Thumb Code     0  startup_stm32f10x_hd.o(.text)
    PVD_IRQHandler                           0x0800015f   Thumb Code     0  startup_stm32f10x_hd.o(.text)
    RCC_IRQHandler                           0x0800015f   Thumb Code     0  startup_stm32f10x_hd.o(.text)
    RTCAlarm_IRQHandler                      0x0800015f   Thumb Code     0  startup_stm32f10x_hd.o(.text)
    RTC_IRQHandler                           0x0800015f   Thumb Code     0  startup_stm32f10x_hd.o(.text)
    SDIO_IRQHandler                          0x0800015f   Thumb Code     0  startup_stm32f10x_hd.o(.text)
    SPI1_IRQHandler                          0x0800015f   Thumb Code     0  startup_stm32f10x_hd.o(.text)
    SPI2_IRQHandler                          0x0800015f   Thumb Code     0  startup_stm32f10x_hd.o(.text)
    SPI3_IRQHandler                          0x0800015f   Thumb Code     0  startup_stm32f10x_hd.o(.text)
    TAMPER_IRQHandler                        0x0800015f   Thumb Code     0  startup_stm32f10x_hd.o(.text)
    TIM1_BRK_IRQHandler                      0x0800015f   Thumb Code     0  startup_stm32f10x_hd.o(.text)
    TIM1_CC_IRQHandler                       0x0800015f   Thumb Code     0  startup_stm32f10x_hd.o(.text)
    TIM1_TRG_COM_IRQHandler                  0x0800015f   Thumb Code     0  startup_stm32f10x_hd.o(.text)
    TIM1_UP_IRQHandler                       0x0800015f   Thumb Code     0  startup_stm32f10x_hd.o(.text)
    TIM2_IRQHandler                          0x0800015f   Thumb Code     0  startup_stm32f10x_hd.o(.text)
    TIM3_IRQHandler                          0x0800015f   Thumb Code     0  startup_stm32f10x_hd.o(.text)
    TIM4_IRQHandler                          0x0800015f   Thumb Code     0  startup_stm32f10x_hd.o(.text)
    TIM5_IRQHandler                          0x0800015f   Thumb Code     0  startup_stm32f10x_hd.o(.text)
    TIM6_IRQHandler                          0x0800015f   Thumb Code     0  startup_stm32f10x_hd.o(.text)
    TIM7_IRQHandler                          0x0800015f   Thumb Code     0  startup_stm32f10x_hd.o(.text)
    TIM8_BRK_IRQHandler                      0x0800015f   Thumb Code     0  startup_stm32f10x_hd.o(.text)
    TIM8_CC_IRQHandler                       0x0800015f   Thumb Code     0  startup_stm32f10x_hd.o(.text)
    TIM8_TRG_COM_IRQHandler                  0x0800015f   Thumb Code     0  startup_stm32f10x_hd.o(.text)
    TIM8_UP_IRQHandler                       0x0800015f   Thumb Code     0  startup_stm32f10x_hd.o(.text)
    UART4_IRQHandler                         0x0800015f   Thumb Code     0  startup_stm32f10x_hd.o(.text)
    UART5_IRQHandler                         0x0800015f   Thumb Code     0  startup_stm32f10x_hd.o(.text)
    USART2_IRQHandler                        0x0800015f   Thumb Code     0  startup_stm32f10x_hd.o(.text)
    USART3_IRQHandler                        0x0800015f   Thumb Code     0  startup_stm32f10x_hd.o(.text)
    USBWakeUp_IRQHandler                     0x0800015f   Thumb Code     0  startup_stm32f10x_hd.o(.text)
    USB_HP_CAN1_TX_IRQHandler                0x0800015f   Thumb Code     0  startup_stm32f10x_hd.o(.text)
    USB_LP_CAN1_RX0_IRQHandler               0x0800015f   Thumb Code     0  startup_stm32f10x_hd.o(.text)
    WWDG_IRQHandler                          0x0800015f   Thumb Code     0  startup_stm32f10x_hd.o(.text)
    __aeabi_dadd                             0x08000169   Thumb Code   322  dadd.o(.text)
    __aeabi_dsub                             0x080002ab   Thumb Code     6  dadd.o(.text)
    __aeabi_drsub                            0x080002b1   Thumb Code     6  dadd.o(.text)
    __aeabi_dmul                             0x080002b7   Thumb Code   228  dmul.o(.text)
    __aeabi_ddiv                             0x0800039b   Thumb Code   222  ddiv.o(.text)
    __aeabi_ui2d                             0x08000479   Thumb Code    26  dfltui.o(.text)
    __aeabi_f2uiz                            0x08000493   Thumb Code    40  ffixui.o(.text)
    __aeabi_f2d                              0x080004bb   Thumb Code    38  f2d.o(.text)
    __aeabi_d2f                              0x080004e1   Thumb Code    56  d2f.o(.text)
    __aeabi_llsl                             0x08000519   Thumb Code    30  llshl.o(.text)
    _ll_shift_l                              0x08000519   Thumb Code     0  llshl.o(.text)
    __aeabi_lasr                             0x08000537   Thumb Code    36  llsshr.o(.text)
    _ll_sshift_r                             0x08000537   Thumb Code     0  llsshr.o(.text)
    __I$use$fp                               0x0800055b   Thumb Code     0  iusefp.o(.text)
    _float_round                             0x0800055b   Thumb Code    18  fepilogue.o(.text)
    _float_epilogue                          0x0800056d   Thumb Code    92  fepilogue.o(.text)
    _double_round                            0x080005c9   Thumb Code    30  depilogue.o(.text)
    _double_epilogue                         0x080005e7   Thumb Code   156  depilogue.o(.text)
    _dsqrt                                   0x08000683   Thumb Code   162  dsqrt.o(.text)
    __scatterload                            0x08000725   Thumb Code    28  init.o(.text)
    __scatterload_rt2                        0x08000725   Thumb Code     0  init.o(.text)
    __aeabi_llsr                             0x08000749   Thumb Code    32  llushr.o(.text)
    _ll_ushift_r                             0x08000749   Thumb Code     0  llushr.o(.text)
    ADC_Cmd                                  0x08000769   Thumb Code    22  stm32f10x_adc.o(i.ADC_Cmd)
    ADC_DMACmd                               0x0800077f   Thumb Code    22  stm32f10x_adc.o(i.ADC_DMACmd)
    ADC_GetCalibrationStatus                 0x08000795   Thumb Code    20  stm32f10x_adc.o(i.ADC_GetCalibrationStatus)
    ADC_GetResetCalibrationStatus            0x080007a9   Thumb Code    20  stm32f10x_adc.o(i.ADC_GetResetCalibrationStatus)
    ADC_Init                                 0x080007bd   Thumb Code    70  stm32f10x_adc.o(i.ADC_Init)
    ADC_RegularChannelConfig                 0x0800080d   Thumb Code   184  stm32f10x_adc.o(i.ADC_RegularChannelConfig)
    ADC_ResetCalibration                     0x080008c5   Thumb Code    10  stm32f10x_adc.o(i.ADC_ResetCalibration)
    ADC_SoftwareStartConvCmd                 0x080008cf   Thumb Code    22  stm32f10x_adc.o(i.ADC_SoftwareStartConvCmd)
    ADC_StartCalibration                     0x080008e5   Thumb Code    10  stm32f10x_adc.o(i.ADC_StartCalibration)
    ADCx_Init                                0x08000915   Thumb Code    12  bsp_adc.o(i.ADCx_Init)
    BusFault_Handler                         0x08000a1d   Thumb Code     4  stm32f10x_it.o(i.BusFault_Handler)
    DMA_Cmd                                  0x08000a21   Thumb Code    24  stm32f10x_dma.o(i.DMA_Cmd)
    DMA_DeInit                               0x08000a39   Thumb Code   324  stm32f10x_dma.o(i.DMA_DeInit)
    DMA_Init                                 0x08000b85   Thumb Code    60  stm32f10x_dma.o(i.DMA_Init)
    DebugMon_Handler                         0x08000bc1   Thumb Code     2  stm32f10x_it.o(i.DebugMon_Handler)
    Delay                                    0x08000bc3   Thumb Code    18  task_functions.o(i.Delay)
    Distance_Initialize                      0x08000bd5   Thumb Code   116  bsp_adc.o(i.Distance_Initialize)
    EXTI3_IRQHandler                         0x08000c65   Thumb Code    78  stm32f10x_it.o(i.EXTI3_IRQHandler)
    EXTI_ClearITPendingBit                   0x08000cc1   Thumb Code     6  stm32f10x_exti.o(i.EXTI_ClearITPendingBit)
    EXTI_GenerateSWInterrupt                 0x08000ccd   Thumb Code    12  stm32f10x_exti.o(i.EXTI_GenerateSWInterrupt)
    EXTI_GetITStatus                         0x08000cdd   Thumb Code    34  stm32f10x_exti.o(i.EXTI_GetITStatus)
    EXTI_Init                                0x08000d05   Thumb Code   142  stm32f10x_exti.o(i.EXTI_Init)
    FSMC_NORSRAMCmd                          0x08000e31   Thumb Code    46  stm32f10x_fsmc.o(i.FSMC_NORSRAMCmd)
    FSMC_NORSRAMInit                         0x08000e65   Thumb Code   230  stm32f10x_fsmc.o(i.FSMC_NORSRAMInit)
    GENERAL_TIM_CH1_CHANGE                   0x08000f4d   Thumb Code    44  bsp_generaltim.o(i.GENERAL_TIM_CH1_CHANGE)
    GENERAL_TIM_CH2_CHANGE                   0x08000f7d   Thumb Code    44  bsp_generaltim.o(i.GENERAL_TIM_CH2_CHANGE)
    GENERAL_TIM_CH3_CHANGE                   0x08000fad   Thumb Code    44  bsp_generaltim.o(i.GENERAL_TIM_CH3_CHANGE)
    GENERAL_TIM_CH4_CHANGE                   0x08000fdd   Thumb Code    44  bsp_generaltim.o(i.GENERAL_TIM_CH4_CHANGE)
    GENERAL_TIM_Init                         0x080010a1   Thumb Code    12  bsp_generaltim.o(i.GENERAL_TIM_Init)
    GPIO_EXTILineConfig                      0x08001159   Thumb Code    60  stm32f10x_gpio.o(i.GPIO_EXTILineConfig)
    GPIO_Init                                0x08001199   Thumb Code   278  stm32f10x_gpio.o(i.GPIO_Init)
    GPIO_ReadInputDataBit                    0x080012af   Thumb Code    18  stm32f10x_gpio.o(i.GPIO_ReadInputDataBit)
    GPIO_ResetBits                           0x080012c1   Thumb Code     4  stm32f10x_gpio.o(i.GPIO_ResetBits)
    GPIO_SetBits                             0x080012c5   Thumb Code     4  stm32f10x_gpio.o(i.GPIO_SetBits)
    Get_PingPang                             0x080012c9   Thumb Code    82  task_functions.o(i.Get_PingPang)
    Hand_Init                                0x08001325   Thumb Code    28  task_functions.o(i.Hand_Init)
    HardFault_Handler                        0x08001341   Thumb Code     4  stm32f10x_it.o(i.HardFault_Handler)
    ILI9341_BackLed_Control                  0x08001345   Thumb Code    30  bsp_ili9341_lcd.o(i.ILI9341_BackLed_Control)
    ILI9341_Clear                            0x08001369   Thumb Code    40  bsp_ili9341_lcd.o(i.ILI9341_Clear)
    ILI9341_DispChar_EN                      0x080013a9   Thumb Code   138  bsp_ili9341_lcd.o(i.ILI9341_DispChar_EN)
    ILI9341_DispStringLine_EN                0x08001441   Thumb Code    92  bsp_ili9341_lcd.o(i.ILI9341_DispStringLine_EN)
    ILI9341_GramScan                         0x080016c1   Thumb Code   172  bsp_ili9341_lcd.o(i.ILI9341_GramScan)
    ILI9341_Init                             0x08001779   Thumb Code    34  bsp_ili9341_lcd.o(i.ILI9341_Init)
    ILI9341_OpenWindow                       0x080017a1   Thumb Code    88  bsp_ili9341_lcd.o(i.ILI9341_OpenWindow)
    ILI9341_Rst                              0x08001a29   Thumb Code    36  bsp_ili9341_lcd.o(i.ILI9341_Rst)
    ILI9341_Write_Cmd                        0x08001a51   Thumb Code     8  bsp_ili9341_lcd.o(i.ILI9341_Write_Cmd)
    ILI9341_Write_Data                       0x08001a59   Thumb Code     6  bsp_ili9341_lcd.o(i.ILI9341_Write_Data)
    ImagDisp1                                0x08001a65   Thumb Code   214  bsp_ov7725.o(i.ImagDisp1)
    ImagDisp2                                0x08001b45   Thumb Code   268  bsp_ov7725.o(i.ImagDisp2)
    Key_GPIO_Config                          0x08001c59   Thumb Code    54  bsp_key.o(i.Key_GPIO_Config)
    LCD_GetFont                              0x08001c99   Thumb Code     6  bsp_ili9341_lcd.o(i.LCD_GetFont)
    LCD_SCREEN_CONFIG                        0x08001ca5   Thumb Code    46  task_functions.o(i.LCD_SCREEN_CONFIG)
    LCD_SetColors                            0x08001ce1   Thumb Code    10  bsp_ili9341_lcd.o(i.LCD_SetColors)
    LCD_SetFont                              0x08001cf5   Thumb Code     6  bsp_ili9341_lcd.o(i.LCD_SetFont)
    LED_GPIO_Config                          0x08001d01   Thumb Code    90  bsp_led.o(i.LED_GPIO_Config)
    Left_Task                                0x08001d61   Thumb Code   470  task_functions.o(i.Left_Task)
    MemManage_Handler                        0x08001f55   Thumb Code     4  stm32f10x_it.o(i.MemManage_Handler)
    NMI_Handler                              0x08001f59   Thumb Code     2  stm32f10x_it.o(i.NMI_Handler)
    NVIC_Init                                0x08001f5d   Thumb Code   100  misc.o(i.NVIC_Init)
    NVIC_PriorityGroupConfig                 0x08001fcd   Thumb Code    10  misc.o(i.NVIC_PriorityGroupConfig)
    OV7725_Brightness                        0x08001fe1   Thumb Code   100  bsp_ov7725.o(i.OV7725_Brightness)
    OV7725_Color_Saturation                  0x08002045   Thumb Code    40  bsp_ov7725.o(i.OV7725_Color_Saturation)
    OV7725_Contrast                          0x0800206d   Thumb Code    34  bsp_ov7725.o(i.OV7725_Contrast)
    OV7725_GPIO_Config                       0x0800208f   Thumb Code    16  bsp_ov7725.o(i.OV7725_GPIO_Config)
    OV7725_Init                              0x080020a1   Thumb Code    96  bsp_ov7725.o(i.OV7725_Init)
    OV7725_Initializer                       0x08002109   Thumb Code    60  task_functions.o(i.OV7725_Initializer)
    OV7725_Light_Mode                        0x08002165   Thumb Code   274  bsp_ov7725.o(i.OV7725_Light_Mode)
    OV7725_MODE_CONFIG                       0x08002279   Thumb Code   104  task_functions.o(i.OV7725_MODE_CONFIG)
    OV7725_Special_Effect                    0x08002301   Thumb Code   190  bsp_ov7725.o(i.OV7725_Special_Effect)
    OV7725_Window_Set                        0x080023bf   Thumb Code   232  bsp_ov7725.o(i.OV7725_Window_Set)
    PendSV_Handler                           0x080024a7   Thumb Code     2  stm32f10x_it.o(i.PendSV_Handler)
    RCC_ADCCLKConfig                         0x080024a9   Thumb Code    18  stm32f10x_rcc.o(i.RCC_ADCCLKConfig)
    RCC_AHBPeriphClockCmd                    0x080024c1   Thumb Code    26  stm32f10x_rcc.o(i.RCC_AHBPeriphClockCmd)
    RCC_APB1PeriphClockCmd                   0x080024e1   Thumb Code    26  stm32f10x_rcc.o(i.RCC_APB1PeriphClockCmd)
    RCC_APB2PeriphClockCmd                   0x08002501   Thumb Code    26  stm32f10x_rcc.o(i.RCC_APB2PeriphClockCmd)
    RCC_GetClocksFreq                        0x08002521   Thumb Code   192  stm32f10x_rcc.o(i.RCC_GetClocksFreq)
    Receving_Data                            0x080025f5   Thumb Code    64  transmit.o(i.Receving_Data)
    Right_Task                               0x08002639   Thumb Code   470  task_functions.o(i.Right_Task)
    SCCB_GPIO_Config                         0x08002865   Thumb Code    60  bsp_sccb.o(i.SCCB_GPIO_Config)
    SCCB_ReadByte                            0x080028dd   Thumb Code   122  bsp_sccb.o(i.SCCB_ReadByte)
    SCCB_WriteByte                           0x08002add   Thumb Code    64  bsp_sccb.o(i.SCCB_WriteByte)
    SVC_Handler                              0x08002b2d   Thumb Code     2  stm32f10x_it.o(i.SVC_Handler)
    Sending_Data                             0x08002b31   Thumb Code    60  transmit.o(i.Sending_Data)
    SysTick_Handler                          0x08002c5d   Thumb Code    46  stm32f10x_it.o(i.SysTick_Handler)
    SysTick_Init                             0x08002c91   Thumb Code    92  bsp_systick.o(i.SysTick_Init)
    SystemInit                               0x08002cf9   Thumb Code    78  system_stm32f10x.o(i.SystemInit)
    TIM_Cmd                                  0x08002d59   Thumb Code    24  stm32f10x_tim.o(i.TIM_Cmd)
    TIM_OC1Init                              0x08002d71   Thumb Code   132  stm32f10x_tim.o(i.TIM_OC1Init)
    TIM_OC1PreloadConfig                     0x08002e09   Thumb Code    18  stm32f10x_tim.o(i.TIM_OC1PreloadConfig)
    TIM_OC2Init                              0x08002e1d   Thumb Code   154  stm32f10x_tim.o(i.TIM_OC2Init)
    TIM_OC2PreloadConfig                     0x08002ec1   Thumb Code    26  stm32f10x_tim.o(i.TIM_OC2PreloadConfig)
    TIM_OC3Init                              0x08002edd   Thumb Code   150  stm32f10x_tim.o(i.TIM_OC3Init)
    TIM_OC3PreloadConfig                     0x08002f7d   Thumb Code    18  stm32f10x_tim.o(i.TIM_OC3PreloadConfig)
    TIM_OC4Init                              0x08002f91   Thumb Code   114  stm32f10x_tim.o(i.TIM_OC4Init)
    TIM_OC4PreloadConfig                     0x0800300d   Thumb Code    26  stm32f10x_tim.o(i.TIM_OC4PreloadConfig)
    TIM_TimeBaseInit                         0x08003029   Thumb Code   122  stm32f10x_tim.o(i.TIM_TimeBaseInit)
    TimeStamp_Increment                      0x080030cd   Thumb Code    12  bsp_systick.o(i.TimeStamp_Increment)
    TimingDelay_Decrement                    0x080030dd   Thumb Code    18  bsp_systick.o(i.TimingDelay_Decrement)
    USART1_IRQHandler                        0x080030f5   Thumb Code    78  bsp_usart.o(i.USART1_IRQHandler)
    USART_Cmd                                0x0800314d   Thumb Code    24  stm32f10x_usart.o(i.USART_Cmd)
    USART_GetFlagStatus                      0x08003165   Thumb Code    26  stm32f10x_usart.o(i.USART_GetFlagStatus)
    USART_GetITStatus                        0x0800317f   Thumb Code    84  stm32f10x_usart.o(i.USART_GetITStatus)
    USART_ITConfig                           0x080031d3   Thumb Code    74  stm32f10x_usart.o(i.USART_ITConfig)
    USART_Init                               0x0800321d   Thumb Code   210  stm32f10x_usart.o(i.USART_Init)
    USART_ReceiveData                        0x080032f5   Thumb Code    10  stm32f10x_usart.o(i.USART_ReceiveData)
    USART_SendData                           0x080032ff   Thumb Code     8  stm32f10x_usart.o(i.USART_SendData)
    UsageFault_Handler                       0x08003307   Thumb Code     4  stm32f10x_it.o(i.UsageFault_Handler)
    __scatterload_copy                       0x08003389   Thumb Code    14  handlers.o(i.__scatterload_copy)
    __scatterload_null                       0x08003397   Thumb Code     2  handlers.o(i.__scatterload_null)
    __scatterload_zeroinit                   0x08003399   Thumb Code    14  handlers.o(i.__scatterload_zeroinit)
    __set_errno                              0x080033a9   Thumb Code     6  errno.o(i.__set_errno)
    color_check                              0x080033b5   Thumb Code   266  bsp_ov7725.o(i.color_check)
    main                                     0x080034c1   Thumb Code   244  main.o(i.main)
    sqrt                                     0x080035c9   Thumb Code    76  sqrt.o(i.sqrt)
    uart1_init                               0x08003615   Thumb Code   156  bsp_usart.o(i.uart1_init)
    ASCII8x16_Table                          0x080036b8   Data        1520  fonts.o(.constdata)
    ASCII16x24_Table                         0x08003ca8   Data        4560  fonts.o(.constdata)
    ASCII24x32_Table                         0x08004e78   Data        9120  fonts.o(.constdata)
    Region$$Table$$Base                      0x08007218   Number         0  anon$$obj.o(Region$$Table)
    Region$$Table$$Limit                     0x08007238   Number         0  anon$$obj.o(Region$$Table)
    SystemCoreClock                          0x20000000   Data           4  system_stm32f10x.o(.data)
    AHBPrescTable                            0x20000004   Data          16  system_stm32f10x.o(.data)
    Receive_IT                               0x20000028   Data           6  main.o(.data)
    cam_mode                                 0x2000002e   Data          20  bsp_ov7725.o(.data)
    Sensor_Config                            0x20000042   Data         154  bsp_ov7725.o(.data)
    OV7725_REG_NUM                           0x200000dc   Data           1  bsp_ov7725.o(.data)
    Ov7725_vsync                             0x200000dd   Data           1  bsp_ov7725.o(.data)
    LCD_X_LENGTH                             0x200000e0   Data           2  bsp_ili9341_lcd.o(.data)
    LCD_Y_LENGTH                             0x200000e2   Data           2  bsp_ili9341_lcd.o(.data)
    LCD_SCAN_MODE                            0x200000e4   Data           1  bsp_ili9341_lcd.o(.data)
    Font8x16                                 0x200000f0   Data           8  fonts.o(.data)
    Font16x24                                0x200000f8   Data           8  fonts.o(.data)
    Font24x32                                0x20000100   Data           8  fonts.o(.data)
    g_ul_ms_ticks                            0x2000010c   Data           4  bsp_systick.o(.data)
    ADC_ConvertedValue                       0x20000110   Data           4  bsp_adc.o(.data)
    Task_Delay                               0x20000118   Data          12  main.o(.bss)
    __initial_sp                             0x20001128   Data           0  startup_stm32f10x_hd.o(STACK)



==============================================================================

Memory Map of the image

  Image Entry point : 0x08000131

  Load Region LR_IROM1 (Base: 0x08000000, Size: 0x00007350, Max: 0x00080000, ABSOLUTE)

    Execution Region ER_IROM1 (Base: 0x08000000, Size: 0x00007238, Max: 0x00080000, ABSOLUTE)

    Base Addr    Size         Type   Attr      Idx    E Section Name        Object

    0x08000000   0x00000130   Data   RO            3    RESET               startup_stm32f10x_hd.o
    0x08000130   0x00000000   Code   RO         3903  * .ARM.Collect$$$$00000000  mc_w.l(entry.o)
    0x08000130   0x00000004   Code   RO         3920    .ARM.Collect$$$$00000001  mc_w.l(entry2.o)
    0x08000134   0x00000004   Code   RO         3923    .ARM.Collect$$$$00000004  mc_w.l(entry5.o)
    0x08000138   0x00000000   Code   RO         3925    .ARM.Collect$$$$00000008  mc_w.l(entry7b.o)
    0x08000138   0x00000000   Code   RO         3927    .ARM.Collect$$$$0000000A  mc_w.l(entry8b.o)
    0x08000138   0x00000008   Code   RO         3928    .ARM.Collect$$$$0000000B  mc_w.l(entry9a.o)
    0x08000140   0x00000000   Code   RO         3930    .ARM.Collect$$$$0000000D  mc_w.l(entry10a.o)
    0x08000140   0x00000000   Code   RO         3932    .ARM.Collect$$$$0000000F  mc_w.l(entry11a.o)
    0x08000140   0x00000004   Code   RO         3921    .ARM.Collect$$$$00002712  mc_w.l(entry2.o)
    0x08000144   0x00000024   Code   RO            4    .text               startup_stm32f10x_hd.o
    0x08000168   0x0000014e   Code   RO         3906    .text               mf_w.l(dadd.o)
    0x080002b6   0x000000e4   Code   RO         3908    .text               mf_w.l(dmul.o)
    0x0800039a   0x000000de   Code   RO         3910    .text               mf_w.l(ddiv.o)
    0x08000478   0x0000001a   Code   RO         3912    .text               mf_w.l(dfltui.o)
    0x08000492   0x00000028   Code   RO         3914    .text               mf_w.l(ffixui.o)
    0x080004ba   0x00000026   Code   RO         3916    .text               mf_w.l(f2d.o)
    0x080004e0   0x00000038   Code   RO         3918    .text               mf_w.l(d2f.o)
    0x08000518   0x0000001e   Code   RO         3934    .text               mc_w.l(llshl.o)
    0x08000536   0x00000024   Code   RO         3936    .text               mc_w.l(llsshr.o)
    0x0800055a   0x00000000   Code   RO         3945    .text               mc_w.l(iusefp.o)
    0x0800055a   0x0000006e   Code   RO         3946    .text               mf_w.l(fepilogue.o)
    0x080005c8   0x000000ba   Code   RO         3948    .text               mf_w.l(depilogue.o)
    0x08000682   0x000000a2   Code   RO         3950    .text               mf_w.l(dsqrt.o)
    0x08000724   0x00000024   Code   RO         3954    .text               mc_w.l(init.o)
    0x08000748   0x00000020   Code   RO         3956    .text               mc_w.l(llushr.o)
    0x08000768   0x00000016   Code   RO          183    i.ADC_Cmd           stm32f10x_adc.o
    0x0800077e   0x00000016   Code   RO          184    i.ADC_DMACmd        stm32f10x_adc.o
    0x08000794   0x00000014   Code   RO          191    i.ADC_GetCalibrationStatus  stm32f10x_adc.o
    0x080007a8   0x00000014   Code   RO          197    i.ADC_GetResetCalibrationStatus  stm32f10x_adc.o
    0x080007bc   0x00000050   Code   RO          201    i.ADC_Init          stm32f10x_adc.o
    0x0800080c   0x000000b8   Code   RO          205    i.ADC_RegularChannelConfig  stm32f10x_adc.o
    0x080008c4   0x0000000a   Code   RO          206    i.ADC_ResetCalibration  stm32f10x_adc.o
    0x080008ce   0x00000016   Code   RO          208    i.ADC_SoftwareStartConvCmd  stm32f10x_adc.o
    0x080008e4   0x0000000a   Code   RO          210    i.ADC_StartCalibration  stm32f10x_adc.o
    0x080008ee   0x00000002   PAD
    0x080008f0   0x00000024   Code   RO         3771    i.ADCx_GPIO_Config  bsp_adc.o
    0x08000914   0x0000000c   Code   RO         3772    i.ADCx_Init         bsp_adc.o
    0x08000920   0x000000fc   Code   RO         3773    i.ADCx_Mode_Config  bsp_adc.o
    0x08000a1c   0x00000004   Code   RO         3167    i.BusFault_Handler  stm32f10x_it.o
    0x08000a20   0x00000018   Code   RO          868    i.DMA_Cmd           stm32f10x_dma.o
    0x08000a38   0x0000014c   Code   RO          869    i.DMA_DeInit        stm32f10x_dma.o
    0x08000b84   0x0000003c   Code   RO          874    i.DMA_Init          stm32f10x_dma.o
    0x08000bc0   0x00000002   Code   RO         3168    i.DebugMon_Handler  stm32f10x_it.o
    0x08000bc2   0x00000012   Code   RO         3809    i.Delay             task_functions.o
    0x08000bd4   0x00000090   Code   RO         3774    i.Distance_Initialize  bsp_adc.o
    0x08000c64   0x0000005c   Code   RO         3169    i.EXTI3_IRQHandler  stm32f10x_it.o
    0x08000cc0   0x0000000c   Code   RO          939    i.EXTI_ClearITPendingBit  stm32f10x_exti.o
    0x08000ccc   0x00000010   Code   RO          941    i.EXTI_GenerateSWInterrupt  stm32f10x_exti.o
    0x08000cdc   0x00000028   Code   RO          943    i.EXTI_GetITStatus  stm32f10x_exti.o
    0x08000d04   0x00000094   Code   RO          944    i.EXTI_Init         stm32f10x_exti.o
    0x08000d98   0x00000098   Code   RO         3240    i.FIFO_GPIO_Config  bsp_ov7725.o
    0x08000e30   0x00000034   Code   RO         1177    i.FSMC_NORSRAMCmd   stm32f10x_fsmc.o
    0x08000e64   0x000000e6   Code   RO         1179    i.FSMC_NORSRAMInit  stm32f10x_fsmc.o
    0x08000f4a   0x00000002   PAD
    0x08000f4c   0x00000030   Code   RO         3725    i.GENERAL_TIM_CH1_CHANGE  bsp_generaltim.o
    0x08000f7c   0x00000030   Code   RO         3726    i.GENERAL_TIM_CH2_CHANGE  bsp_generaltim.o
    0x08000fac   0x00000030   Code   RO         3727    i.GENERAL_TIM_CH3_CHANGE  bsp_generaltim.o
    0x08000fdc   0x00000030   Code   RO         3728    i.GENERAL_TIM_CH4_CHANGE  bsp_generaltim.o
    0x0800100c   0x00000094   Code   RO         3729    i.GENERAL_TIM_GPIO_Config  bsp_generaltim.o
    0x080010a0   0x0000000c   Code   RO         3730    i.GENERAL_TIM_Init  bsp_generaltim.o
    0x080010ac   0x000000ac   Code   RO         3731    i.GENERAL_TIM_Mode_Config  bsp_generaltim.o
    0x08001158   0x00000040   Code   RO         1289    i.GPIO_EXTILineConfig  stm32f10x_gpio.o
    0x08001198   0x00000116   Code   RO         1292    i.GPIO_Init         stm32f10x_gpio.o
    0x080012ae   0x00000012   Code   RO         1296    i.GPIO_ReadInputDataBit  stm32f10x_gpio.o
    0x080012c0   0x00000004   Code   RO         1299    i.GPIO_ResetBits    stm32f10x_gpio.o
    0x080012c4   0x00000004   Code   RO         1300    i.GPIO_SetBits      stm32f10x_gpio.o
    0x080012c8   0x0000005c   Code   RO         3810    i.Get_PingPang      task_functions.o
    0x08001324   0x0000001c   Code   RO         3811    i.Hand_Init         task_functions.o
    0x08001340   0x00000004   Code   RO         3170    i.HardFault_Handler  stm32f10x_it.o
    0x08001344   0x00000024   Code   RO         3408    i.ILI9341_BackLed_Control  bsp_ili9341_lcd.o
    0x08001368   0x0000002c   Code   RO         3409    i.ILI9341_Clear     bsp_ili9341_lcd.o
    0x08001394   0x00000012   Code   RO         3410    i.ILI9341_Delay     bsp_ili9341_lcd.o
    0x080013a6   0x00000002   PAD
    0x080013a8   0x00000098   Code   RO         3411    i.ILI9341_DispChar_EN  bsp_ili9341_lcd.o
    0x08001440   0x00000068   Code   RO         3412    i.ILI9341_DispStringLine_EN  bsp_ili9341_lcd.o
    0x080014a8   0x0000005e   Code   RO         3418    i.ILI9341_FSMC_Config  bsp_ili9341_lcd.o
    0x08001506   0x00000020   Code   RO         3419    i.ILI9341_FillColor  bsp_ili9341_lcd.o
    0x08001526   0x00000002   PAD
    0x08001528   0x00000198   Code   RO         3420    i.ILI9341_GPIO_Config  bsp_ili9341_lcd.o
    0x080016c0   0x000000b8   Code   RO         3422    i.ILI9341_GramScan  bsp_ili9341_lcd.o
    0x08001778   0x00000028   Code   RO         3423    i.ILI9341_Init      bsp_ili9341_lcd.o
    0x080017a0   0x00000058   Code   RO         3424    i.ILI9341_OpenWindow  bsp_ili9341_lcd.o
    0x080017f8   0x00000230   Code   RO         3425    i.ILI9341_REG_Config  bsp_ili9341_lcd.o
    0x08001a28   0x00000028   Code   RO         3428    i.ILI9341_Rst       bsp_ili9341_lcd.o
    0x08001a50   0x00000008   Code   RO         3431    i.ILI9341_Write_Cmd  bsp_ili9341_lcd.o
    0x08001a58   0x0000000c   Code   RO         3432    i.ILI9341_Write_Data  bsp_ili9341_lcd.o
    0x08001a64   0x000000e0   Code   RO         3241    i.ImagDisp1         bsp_ov7725.o
    0x08001b44   0x00000114   Code   RO         3242    i.ImagDisp2         bsp_ov7725.o
    0x08001c58   0x00000040   Code   RO         3664    i.Key_GPIO_Config   bsp_key.o
    0x08001c98   0x0000000c   Code   RO         3435    i.LCD_GetFont       bsp_ili9341_lcd.o
    0x08001ca4   0x0000003c   Code   RO         3812    i.LCD_SCREEN_CONFIG  task_functions.o
    0x08001ce0   0x00000014   Code   RO         3437    i.LCD_SetColors     bsp_ili9341_lcd.o
    0x08001cf4   0x0000000c   Code   RO         3438    i.LCD_SetFont       bsp_ili9341_lcd.o
    0x08001d00   0x00000060   Code   RO         3618    i.LED_GPIO_Config   bsp_led.o
    0x08001d60   0x000001f4   Code   RO         3813    i.Left_Task         task_functions.o
    0x08001f54   0x00000004   Code   RO         3171    i.MemManage_Handler  stm32f10x_it.o
    0x08001f58   0x00000002   Code   RO         3172    i.NMI_Handler       stm32f10x_it.o
    0x08001f5a   0x00000002   PAD
    0x08001f5c   0x00000070   Code   RO          137    i.NVIC_Init         misc.o
    0x08001fcc   0x00000014   Code   RO          138    i.NVIC_PriorityGroupConfig  misc.o
    0x08001fe0   0x00000064   Code   RO         3243    i.OV7725_Brightness  bsp_ov7725.o
    0x08002044   0x00000028   Code   RO         3244    i.OV7725_Color_Saturation  bsp_ov7725.o
    0x0800206c   0x00000022   Code   RO         3245    i.OV7725_Contrast   bsp_ov7725.o
    0x0800208e   0x00000010   Code   RO         3246    i.OV7725_GPIO_Config  bsp_ov7725.o
    0x0800209e   0x00000002   PAD
    0x080020a0   0x00000068   Code   RO         3247    i.OV7725_Init       bsp_ov7725.o
    0x08002108   0x0000005c   Code   RO         3814    i.OV7725_Initializer  task_functions.o
    0x08002164   0x00000112   Code   RO         3248    i.OV7725_Light_Mode  bsp_ov7725.o
    0x08002276   0x00000002   PAD
    0x08002278   0x00000088   Code   RO         3815    i.OV7725_MODE_CONFIG  task_functions.o
    0x08002300   0x000000be   Code   RO         3249    i.OV7725_Special_Effect  bsp_ov7725.o
    0x080023be   0x000000e8   Code   RO         3250    i.OV7725_Window_Set  bsp_ov7725.o
    0x080024a6   0x00000002   Code   RO         3173    i.PendSV_Handler    stm32f10x_it.o
    0x080024a8   0x00000018   Code   RO         1706    i.RCC_ADCCLKConfig  stm32f10x_rcc.o
    0x080024c0   0x00000020   Code   RO         1707    i.RCC_AHBPeriphClockCmd  stm32f10x_rcc.o
    0x080024e0   0x00000020   Code   RO         1708    i.RCC_APB1PeriphClockCmd  stm32f10x_rcc.o
    0x08002500   0x00000020   Code   RO         1710    i.RCC_APB2PeriphClockCmd  stm32f10x_rcc.o
    0x08002520   0x000000d4   Code   RO         1718    i.RCC_GetClocksFreq  stm32f10x_rcc.o
    0x080025f4   0x00000044   Code   RO         3873    i.Receving_Data     transmit.o
    0x08002638   0x000001f4   Code   RO         3816    i.Right_Task        task_functions.o
    0x0800282c   0x00000038   Code   RO         3344    i.SCCB_Ack          bsp_sccb.o
    0x08002864   0x00000040   Code   RO         3345    i.SCCB_GPIO_Config  bsp_sccb.o
    0x080028a4   0x00000038   Code   RO         3346    i.SCCB_NoAck        bsp_sccb.o
    0x080028dc   0x0000007a   Code   RO         3347    i.SCCB_ReadByte     bsp_sccb.o
    0x08002956   0x00000002   PAD
    0x08002958   0x00000054   Code   RO         3348    i.SCCB_ReceiveByte  bsp_sccb.o
    0x080029ac   0x00000058   Code   RO         3349    i.SCCB_SendByte     bsp_sccb.o
    0x08002a04   0x00000054   Code   RO         3350    i.SCCB_Start        bsp_sccb.o
    0x08002a58   0x00000038   Code   RO         3351    i.SCCB_Stop         bsp_sccb.o
    0x08002a90   0x0000004c   Code   RO         3352    i.SCCB_WaitAck      bsp_sccb.o
    0x08002adc   0x00000040   Code   RO         3353    i.SCCB_WriteByte    bsp_sccb.o
    0x08002b1c   0x00000010   Code   RO         3354    i.SCCB_delay        bsp_sccb.o
    0x08002b2c   0x00000002   Code   RO         3174    i.SVC_Handler       stm32f10x_it.o
    0x08002b2e   0x00000002   PAD
    0x08002b30   0x00000044   Code   RO         3874    i.Sending_Data      transmit.o
    0x08002b74   0x00000008   Code   RO           24    i.SetSysClock       system_stm32f10x.o
    0x08002b7c   0x000000e0   Code   RO           25    i.SetSysClockTo72   system_stm32f10x.o
    0x08002c5c   0x00000034   Code   RO         3175    i.SysTick_Handler   stm32f10x_it.o
    0x08002c90   0x00000068   Code   RO         3682    i.SysTick_Init      bsp_systick.o
    0x08002cf8   0x00000060   Code   RO           27    i.SystemInit        system_stm32f10x.o
    0x08002d58   0x00000018   Code   RO         2342    i.TIM_Cmd           stm32f10x_tim.o
    0x08002d70   0x00000098   Code   RO         2371    i.TIM_OC1Init       stm32f10x_tim.o
    0x08002e08   0x00000012   Code   RO         2374    i.TIM_OC1PreloadConfig  stm32f10x_tim.o
    0x08002e1a   0x00000002   PAD
    0x08002e1c   0x000000a4   Code   RO         2376    i.TIM_OC2Init       stm32f10x_tim.o
    0x08002ec0   0x0000001a   Code   RO         2379    i.TIM_OC2PreloadConfig  stm32f10x_tim.o
    0x08002eda   0x00000002   PAD
    0x08002edc   0x000000a0   Code   RO         2381    i.TIM_OC3Init       stm32f10x_tim.o
    0x08002f7c   0x00000012   Code   RO         2384    i.TIM_OC3PreloadConfig  stm32f10x_tim.o
    0x08002f8e   0x00000002   PAD
    0x08002f90   0x0000007c   Code   RO         2386    i.TIM_OC4Init       stm32f10x_tim.o
    0x0800300c   0x0000001a   Code   RO         2388    i.TIM_OC4PreloadConfig  stm32f10x_tim.o
    0x08003026   0x00000002   PAD
    0x08003028   0x000000a4   Code   RO         2413    i.TIM_TimeBaseInit  stm32f10x_tim.o
    0x080030cc   0x00000010   Code   RO         3683    i.TimeStamp_Increment  bsp_systick.o
    0x080030dc   0x00000018   Code   RO         3684    i.TimingDelay_Decrement  bsp_systick.o
    0x080030f4   0x00000058   Code   RO         3630    i.USART1_IRQHandler  bsp_usart.o
    0x0800314c   0x00000018   Code   RO         2878    i.USART_Cmd         stm32f10x_usart.o
    0x08003164   0x0000001a   Code   RO         2881    i.USART_GetFlagStatus  stm32f10x_usart.o
    0x0800317e   0x00000054   Code   RO         2882    i.USART_GetITStatus  stm32f10x_usart.o
    0x080031d2   0x0000004a   Code   RO         2884    i.USART_ITConfig    stm32f10x_usart.o
    0x0800321c   0x000000d8   Code   RO         2885    i.USART_Init        stm32f10x_usart.o
    0x080032f4   0x0000000a   Code   RO         2892    i.USART_ReceiveData  stm32f10x_usart.o
    0x080032fe   0x00000008   Code   RO         2895    i.USART_SendData    stm32f10x_usart.o
    0x08003306   0x00000004   Code   RO         3176    i.UsageFault_Handler  stm32f10x_it.o
    0x0800330a   0x00000002   PAD
    0x0800330c   0x0000007c   Code   RO         3253    i.VSYNC_GPIO_Config  bsp_ov7725.o
    0x08003388   0x0000000e   Code   RO         3960    i.__scatterload_copy  mc_w.l(handlers.o)
    0x08003396   0x00000002   Code   RO         3961    i.__scatterload_null  mc_w.l(handlers.o)
    0x08003398   0x0000000e   Code   RO         3962    i.__scatterload_zeroinit  mc_w.l(handlers.o)
    0x080033a6   0x00000002   PAD
    0x080033a8   0x0000000c   Code   RO         3940    i.__set_errno       mc_w.l(errno.o)
    0x080033b4   0x0000010a   Code   RO         3254    i.color_check       bsp_ov7725.o
    0x080034be   0x00000002   PAD
    0x080034c0   0x00000108   Code   RO         3108    i.main              main.o
    0x080035c8   0x0000004c   Code   RO         3896    i.sqrt              m_ws.l(sqrt.o)
    0x08003614   0x000000a4   Code   RO         3633    i.uart1_init        bsp_usart.o
    0x080036b8   0x00003b60   Data   RO         3605    .constdata          fonts.o
    0x08007218   0x00000020   Data   RO         3958    Region$$Table       anon$$obj.o


    Execution Region RW_IRAM1 (Base: 0x20000000, Size: 0x00001128, Max: 0x00010000, ABSOLUTE)

    Base Addr    Size         Type   Attr      Idx    E Section Name        Object

    0x20000000   0x00000014   Data   RW           28    .data               system_stm32f10x.o
    0x20000014   0x00000014   Data   RW         1738    .data               stm32f10x_rcc.o
    0x20000028   0x00000006   Data   RW         3110    .data               main.o
    0x2000002e   0x000000b0   Data   RW         3255    .data               bsp_ov7725.o
    0x200000de   0x00000002   PAD
    0x200000e0   0x00000010   Data   RW         3440    .data               bsp_ili9341_lcd.o
    0x200000f0   0x00000018   Data   RW         3606    .data               fonts.o
    0x20000108   0x00000008   Data   RW         3687    .data               bsp_systick.o
    0x20000110   0x00000004   Data   RW         3775    .data               bsp_adc.o
    0x20000114   0x00000004   Data   RW         3941    .data               mc_w.l(errno.o)
    0x20000118   0x0000000c   Zero   RW         3109    .bss                main.o
    0x20000124   0x00000004   PAD
    0x20000128   0x00001000   Zero   RW            1    STACK               startup_stm32f10x_hd.o


==============================================================================

Image component sizes


      Code (inc. data)   RO Data    RW Data    ZI Data      Debug   Object Name

       444         44          0          4          0       2815   bsp_adc.o
       524         28          0          0          0       4147   bsp_generaltim.o
      1864        100          0         16          0      11256   bsp_ili9341_lcd.o
        64         10          0          0          0        514   bsp_key.o
        96          6          0          0          0        534   bsp_led.o
      2032         72          0        176          0      10865   bsp_ov7725.o
       766         34          0          0          0       6172   bsp_sccb.o
       144         22          0          8          0      17360   bsp_systick.o
       252         18          0          0          0       1241   bsp_usart.o
         0          0          0          0          0       4496   core_cm3.o
         0          0      15200         24          0       1317   fonts.o
       264         20          0          6         12       8346   main.o
       132         22          0          0          0       1555   misc.o
        36          8        304          0       4096        864   startup_stm32f10x_hd.o
       390         10          0          0          0       7405   stm32f10x_adc.o
       416          8          0          0          0       3450   stm32f10x_dma.o
       216         22          0          0          0       2655   stm32f10x_exti.o
       282          6          0          0          0       1833   stm32f10x_fsmc.o
       368          4          0          0          0       4294   stm32f10x_gpio.o
       168         20          0          0          0      10053   stm32f10x_it.o
       332         44          0         20          0       5585   stm32f10x_rcc.o
       876         92          0          0          0       6993   stm32f10x_tim.o
       442          6          0          0          0       6161   stm32f10x_usart.o
       328         28          0         20          0     279861   system_stm32f10x.o
      1426        148          0          0          0       5526   task_functions.o
       136         12          0          0          0       1115   transmit.o

    ----------------------------------------------------------------------
     12028        784      15536        276       4112     406413   Object Totals
         0          0         32          0          0          0   (incl. Generated)
        30          0          0          2          4          0   (incl. Padding)

    ----------------------------------------------------------------------

      Code (inc. data)   RO Data    RW Data    ZI Data      Debug   Library Member Name

        76          0          0          0          0         84   sqrt.o
         0          0          0          0          0          0   entry.o
         0          0          0          0          0          0   entry10a.o
         0          0          0          0          0          0   entry11a.o
         8          4          0          0          0          0   entry2.o
         4          0          0          0          0          0   entry5.o
         0          0          0          0          0          0   entry7b.o
         0          0          0          0          0          0   entry8b.o
         8          4          0          0          0          0   entry9a.o
        12          6          0          4          0         68   errno.o
        30          0          0          0          0          0   handlers.o
        36          8          0          0          0         68   init.o
         0          0          0          0          0          0   iusefp.o
        30          0          0          0          0         68   llshl.o
        36          0          0          0          0         68   llsshr.o
        32          0          0          0          0         68   llushr.o
        56          0          0          0          0         88   d2f.o
       334          0          0          0          0        148   dadd.o
       222          0          0          0          0        100   ddiv.o
       186          0          0          0          0        176   depilogue.o
        26          0          0          0          0         76   dfltui.o
       228          0          0          0          0         96   dmul.o
       162          0          0          0          0        100   dsqrt.o
        38          0          0          0          0         68   f2d.o
       110          0          0          0          0        168   fepilogue.o
        40          0          0          0          0         68   ffixui.o

    ----------------------------------------------------------------------
      1676         22          0          4          0       1512   Library Totals
         2          0          0          0          0          0   (incl. Padding)

    ----------------------------------------------------------------------

      Code (inc. data)   RO Data    RW Data    ZI Data      Debug   Library Name

        76          0          0          0          0         84   m_ws.l
       196         22          0          4          0        340   mc_w.l
      1402          0          0          0          0       1088   mf_w.l

    ----------------------------------------------------------------------
      1676         22          0          4          0       1512   Library Totals

    ----------------------------------------------------------------------

==============================================================================


      Code (inc. data)   RO Data    RW Data    ZI Data      Debug   

     13704        806      15536        280       4112     400849   Grand Totals
     13704        806      15536        280       4112     400849   ELF Image Totals
     13704        806      15536        280          0          0   ROM Totals

==============================================================================

    Total RO  Size (Code + RO Data)                29240 (  28.55kB)
    Total RW  Size (RW Data + ZI Data)              4392 (   4.29kB)
    Total ROM Size (Code + RO Data + RW Data)      29520 (  28.83kB)

==============================================================================

